digraph "BaseLayer.h" {
	node [label="\N", fontname=Helvetica, fontsize=10, shape=record];
	edge [fontname=Helvetica, fontsize=10, labelfontname=Helvetica, labelfontsize=10];
	graph [bb="0,0,577,240"];
	Node1 [label="BaseLayer.h", height="0.22", width="0.97", color=black, fillcolor=grey75, style=filled, fontcolor=black, pos="415,224", rects="380,216,450,232"];
	Node2 [label="BaseApplLayer.h", height="0.22", width="1.31", color=black, fillcolor=white, style=filled, URL="$_base_appl_layer_8h.html", pos="264,172", rects="217,164,312,180"];
	Node3 [label="BaseApplLayer.cc", height="0.22", width="1.36", color=black, fillcolor=white, style=filled, URL="$_base_appl_layer_8cc.html", pos="155,120", rects="106,112,204,128"];
	Node4 [label="DemoBaseApplLayer.h", height="0.22", width="1.72", color=black, fillcolor=white, style=filled, URL="$_demo_base_appl_layer_8h.html", pos="284,120", rects="222,112,347,128"];
	Node5 [label="DemoBaseApplLayer.cc", height="0.22", width="1.78", color=black, fillcolor=white, style=filled, URL="$_demo_base_appl_layer_8cc.html", pos="64,68", rects="0,60,128,76"];
	Node6 [label="MyVeinsApp.h", height="0.22", width="1.19", color=black, fillcolor=white, style=filled, URL="$_my_veins_app_8h.html", pos="189,68", rects="146,60,232,76"];
	Node7 [label="MyVeinsApp.cc", height="0.22", width="1.22", color=black, fillcolor=white, style=filled, URL="$_my_veins_app_8cc.html", pos="187,16", rects="143,8,232,24"];
	Node8 [label="TraCIDemo11p.h", height="0.22", width="1.25", color=black, fillcolor=white, style=filled, URL="$_tra_c_i_demo11p_8h.html", pos="295,68", rects="250,60,340,76"];
	Node9 [label="TraCIDemo11p.cc", height="0.22", width="1.28", color=black, fillcolor=white, style=filled, URL="$_tra_c_i_demo11p_8cc.html", pos="295,16", rects="249,8,342,24"];
	Node10 [label="TraCIDemoRSU11p.h", height="0.22", width="1.58", color=black, fillcolor=white, style=filled, URL="$_tra_c_i_demo_r_s_u11p_8h.html", pos="416,68", rects="359,60,473,76"];
	Node11 [label="TraCIDemoRSU11p.cc", height="0.22", width="1.61", color=black, fillcolor=white, style=filled, URL="$_tra_c_i_demo_r_s_u11p_8cc.html", pos="417,16", rects="359,8,476,24"];
	Node12 [label="BaseLayer.cc", height="0.22", width="1.00", color=black, fillcolor=white, style=filled, URL="$_base_layer_8cc.html", pos="365,172", rects="329,164,402,180"];
	Node13 [label="BaseMacLayer.h", height="0.22", width="1.28", color=black, fillcolor=white, style=filled, URL="$_base_mac_layer_8h.html", pos="465,172", rects="419,164,511,180"];
	Node14 [label="BaseMacLayer.cc", height="0.22", width="1.31", color=black, fillcolor=white, style=filled, URL="$_base_mac_layer_8cc.html", pos="438,120", rects="391,112,486,128"];
	Node15 [label="Mac1609_4.h", height="0.22", width="1.00", color=black, fillcolor=white, style=filled, URL="$_mac1609__4_8h.html", pos="539,120", rects="503,112,576,128"];
	Node16 [label="Mac1609_4.cc", height="0.22", width="1.06", color=black, fillcolor=white, style=filled, URL="$_mac1609__4_8cc.html", pos="539,68", rects="501,60,577,76"];
	Node1 -> Node2 [dir=back, color=midnightblue, style=solid, pos="s,392,216 383,213 354,203 313,189 287,180"];
	Node2 -> Node3 [dir=back, color=midnightblue, style=solid, pos="s,247,164 239,160 218,150 190,137 172,128"];
	Node2 -> Node4 [dir=back, color=midnightblue, style=solid, pos="s,267,164 270,155 274,146 278,135 281,128"];
	Node4 -> Node5 [dir=back, color=midnightblue, style=solid, pos="s,250,112 241,110 199,100 137,85 98,76"];
	Node4 -> Node6 [dir=back, color=midnightblue, style=solid, pos="s,269,112 261,108 243,98 219,85 204,76"];
	Node6 -> Node7 [dir=back, color=midnightblue, style=solid, pos="s,189,60 188,51 188,42 188,31 187,24"];
	Node4 -> Node8 [dir=back, color=midnightblue, style=solid, pos="s,286,112 288,104 289,95 291,84 293,76"];
	Node8 -> Node9 [dir=back, color=midnightblue, style=solid, pos="s,295,60 295,51 295,42 295,31 295,24"];
	Node4 -> Node10 [dir=back, color=midnightblue, style=solid, pos="s,304,112 312,109 337,99 373,85 395,76"];
	Node10 -> Node11 [dir=back, color=midnightblue, style=solid, pos="s,416,60 416,51 416,42 416,31 417,24"];
	Node1 -> Node12 [dir=back, color=midnightblue, style=solid, pos="s,407,216 401,209 392,200 380,188 373,180"];
	Node1 -> Node13 [dir=back, color=midnightblue, style=solid, pos="s,423,216 429,209 438,200 450,188 457,180"];
	Node13 -> Node14 [dir=back, color=midnightblue, style=solid, pos="s,461,164 457,157 452,147 446,136 442,128"];
	Node13 -> Node15 [dir=back, color=midnightblue, style=solid, pos="s,477,164 484,159 497,149 515,136 527,128"];
	Node15 -> Node16 [dir=back, color=midnightblue, style=solid, pos="s,539,112 539,103 539,94 539,83 539,76"];
	Node1 -> Node15 [dir=back, color=midnightblue, style=solid, pos="s,440,216 450,213 477,204 509,191 520,180 533,165 537,141 538,128"];
}
