digraph "Consts80211p.h" {
	node [label="\N", fontname=Helvetica, fontsize=10, shape=record];
	edge [fontname=Helvetica, fontsize=10, labelfontname=Helvetica, labelfontsize=10];
	graph [bb="0,0,1009,304"];
	Node1 [label="Consts80211p.h", height="0.22", width="1.11", color=black, fillcolor=grey75, style=filled, fontcolor=black, pos="641,288", rects="601,280,681,296"];
	Node2 [label="DemoBaseApplLayer.h", height="0.22", width="1.72", color=black, fillcolor=white, style=filled, URL="$_demo_base_appl_layer_8h.html", pos="282,172", rects="220,164,345,180"];
	Node3 [label="DemoBaseApplLayer.cc", height="0.22", width="1.78", color=black, fillcolor=white, style=filled, URL="$_demo_base_appl_layer_8cc.html", pos="411,120", rects="347,112,475,128"];
	Node4 [label="MyVeinsApp.h", height="0.22", width="1.19", color=black, fillcolor=white, style=filled, URL="$_my_veins_app_8h.html", pos="45,120", rects="2,112,88,128"];
	Node5 [label="MyVeinsApp.cc", height="0.22", width="1.22", color=black, fillcolor=white, style=filled, URL="$_my_veins_app_8cc.html", pos="44,68", rects="0,60,89,76"];
	Node6 [label="TraCIDemo11p.h", height="0.22", width="1.25", color=black, fillcolor=white, style=filled, URL="$_tra_c_i_demo11p_8h.html", pos="152,120", rects="107,112,197,128"];
	Node7 [label="TraCIDemo11p.cc", height="0.22", width="1.28", color=black, fillcolor=white, style=filled, URL="$_tra_c_i_demo11p_8cc.html", pos="152,68", rects="106,60,199,76"];
	Node8 [label="TraCIDemoRSU11p.h", height="0.22", width="1.58", color=black, fillcolor=white, style=filled, URL="$_tra_c_i_demo_r_s_u11p_8h.html", pos="272,120", rects="215,112,329,128"];
	Node9 [label="TraCIDemoRSU11p.cc", height="0.22", width="1.61", color=black, fillcolor=white, style=filled, URL="$_tra_c_i_demo_r_s_u11p_8cc.html", pos="274,68", rects="216,60,333,76"];
	Node10 [label="DemoBaseApplLayerToMac1609\l_4Interface.h", height="0.39", width="2.39", color=black, fillcolor=white, style=filled, URL="$_demo_base_appl_layer_to_mac1609__4_interface_8h.html", pos="427,230", rects="341,216,513,244"];
	Node11 [label="Mac1609_4.h", height="0.22", width="1.00", color=black, fillcolor=white, style=filled, URL="$_mac1609__4_8h.html", pos="591,68", rects="555,60,628,76"];
	Node12 [label="Mac1609_4.cc", height="0.22", width="1.06", color=black, fillcolor=white, style=filled, URL="$_mac1609__4_8cc.html", pos="591,16", rects="553,8,629,24"];
	Node13 [label="Mac80211pToPhy11pInterface.h", height="0.22", width="2.22", color=black, fillcolor=white, style=filled, URL="$_mac80211p_to_phy11p_interface_8h.html", pos="756,230", rects="676,222,836,238"];
	Node14 [label="Decider80211p.h", height="0.22", width="1.17", color=black, fillcolor=white, style=filled, URL="$_decider80211p_8h.html", pos="864,172", rects="822,164,907,180"];
	Node15 [label="Decider80211p.cc", height="0.22", width="1.22", color=black, fillcolor=white, style=filled, URL="$_decider80211p_8cc.html", pos="889,120", rects="845,112,934,128"];
	Node16 [label="PhyLayer80211p.cc", height="0.22", width="1.39", color=black, fillcolor=white, style=filled, URL="$_phy_layer80211p_8cc.html", pos="870,68", rects="820,60,920,76"];
	Node17 [label="PhyLayer80211p.h", height="0.22", width="1.33", color=black, fillcolor=white, style=filled, URL="$_phy_layer80211p_8h.html", pos="779,120", rects="731,112,828,128"];
	Node18 [label="MacToPhyControlInfo11p.h", height="0.22", width="2.00", color=black, fillcolor=white, style=filled, URL="$_mac_to_phy_control_info11p_8h.html", pos="641,120", rects="569,112,714,128"];
	Node1 -> Node2 [dir=back, color=midnightblue, style=solid, pos="s,601,280 591,278 480,263 432,304 332,244 307,228 291,196 285,180"];
	Node2 -> Node3 [dir=back, color=midnightblue, style=solid, pos="s,302,164 310,161 334,151 369,137 391,128"];
	Node2 -> Node4 [dir=back, color=midnightblue, style=solid, pos="s,245,164 236,162 191,152 123,137 82,128"];
	Node4 -> Node5 [dir=back, color=midnightblue, style=solid, pos="s,45,112 45,103 45,94 45,83 44,76"];
	Node2 -> Node6 [dir=back, color=midnightblue, style=solid, pos="s,262,164 254,161 230,151 194,137 172,128"];
	Node6 -> Node7 [dir=back, color=midnightblue, style=solid, pos="s,152,112 152,103 152,94 152,83 152,76"];
	Node2 -> Node8 [dir=back, color=midnightblue, style=solid, pos="s,280,164 279,156 278,146 276,136 274,128"];
	Node8 -> Node9 [dir=back, color=midnightblue, style=solid, pos="s,272,112 273,104 273,94 273,84 274,76"];
	Node1 -> Node10 [dir=back, color=midnightblue, style=solid, pos="s,611,280 601,277 567,268 516,254 479,244"];
	Node10 -> Node2 [dir=back, color=midnightblue, style=solid, pos="s,392,216 383,212 356,202 323,188 302,180"];
	Node10 -> Node11 [dir=back, color=midnightblue, style=solid, pos="s,437,216 443,208 461,184 495,142 527,112 543,97 563,84 577,76"];
	Node11 -> Node12 [dir=back, color=midnightblue, style=solid, pos="s,591,60 591,51 591,42 591,31 591,24"];
	Node1 -> Node11 [dir=back, color=midnightblue, style=solid, pos="s,635,280 630,273 611,245 574,185 560,128 559,121 558,118 560,112 565,98 576,84 583,76"];
	Node1 -> Node13 [dir=back, color=midnightblue, style=solid, pos="s,657,280 665,276 687,265 720,248 740,238"];
	Node13 -> Node14 [dir=back, color=midnightblue, style=solid, pos="s,771,222 779,218 800,207 830,190 849,180"];
	Node14 -> Node15 [dir=back, color=midnightblue, style=solid, pos="s,868,164 872,156 876,146 881,135 885,128"];
	Node14 -> Node16 [dir=back, color=midnightblue, style=solid, pos="s,892,164 901,160 916,153 933,143 942,128 956,104 920,86 895,76"];
	Node14 -> Node17 [dir=back, color=midnightblue, style=solid, pos="s,851,164 843,159 827,149 806,137 792,128"];
	Node17 -> Node11 [dir=back, color=midnightblue, style=solid, pos="s,750,112 740,109 705,99 653,85 620,76"];
	Node17 -> Node16 [dir=back, color=midnightblue, style=solid, pos="s,793,112 801,108 818,98 841,85 856,76"];
	Node13 -> Node17 [dir=back, color=midnightblue, style=solid, pos="s,758,222 759,214 764,190 773,146 777,128"];
	Node1 -> Node14 [dir=back, color=midnightblue, style=solid, pos="s,681,280 690,278 749,266 841,247 845,244 862,227 864,195 864,180"];
	Node1 -> Node16 [dir=back, color=midnightblue, style=solid, pos="s,681,280 690,279 701,277 706,278 720,276 784,266 807,278 861,244 921,205 984,177 955,112 946,93 926,82 908,76"];
	Node1 -> Node18 [dir=back, color=midnightblue, style=solid, pos="s,641,280 641,271 641,234 641,153 641,128"];
	Node18 -> Node11 [dir=back, color=midnightblue, style=solid, pos="s,633,112 627,105 618,96 606,84 599,76"];
	Node18 -> Node16 [dir=back, color=midnightblue, style=solid, pos="s,676,112 685,110 728,100 794,85 834,76"];
}
