digraph "DemoBaseApplLayerToMac1609_4Interface.h" {
	node [label="\N", fontname=Helvetica, fontsize=10, shape=record];
	edge [fontname=Helvetica, fontsize=10, labelfontname=Helvetica, labelfontsize=10];
	graph [bb="0,0,412,276"];
	Node1 [label="DemoBaseApplLayerToMac1609\l_4Interface.h", height="0.39", width="2.39", color=black, fillcolor=grey75, style=filled, fontcolor=black, pos="243,254", rects="157,240,329,268"];
	Node2 [label="veins/base/utils/NetwToMac\lControlInfo.h", height="0.39", width="2.08", color=black, fillcolor=white, style=filled, URL="$_netw_to_mac_control_info_8h.html", pos="169,190", rects="94,176,244,204"];
	Node3 [label="veins/veins.h", height="0.22", width="1.00", color=black, fillcolor=white, style=filled, URL="$veins_8h.html", pos="215,68", rects="179,60,251,76"];
	Node4 [label=memory, height="0.22", width="0.72", color=grey75, fillcolor=white, style=filled, pos="152,16", rects="126,8,178,24"];
	Node5 [label=utility, height="0.22", width="0.53", color=grey75, fillcolor=white, style=filled, pos="215,16", rects="196,8,235,24"];
	Node6 [label="omnetpp.h", height="0.22", width="0.86", color=grey75, fillcolor=white, style=filled, pos="283,16", rects="252,8,314,24"];
	Node7 [label="veins/base/utils/SimpleAddress.h", height="0.22", width="2.33", color=black, fillcolor=white, style=filled, URL="$_simple_address_8h.html", pos="84,126", rects="0,118,169,134"];
	Node8 [label="veins/modules/utility\l/Consts80211p.h", height="0.39", width="1.56", color=black, fillcolor=white, style=filled, URL="$_consts80211p_8h.html", pos="318,190", rects="262,176,375,204"];
	Node9 [label="stdint.h", height="0.22", width="0.61", color=grey75, fillcolor=white, style=filled, pos="390,68", rects="368,60,413,76"];
	Node10 [label="veins/modules/utility\l/ConstsPhy.h", height="0.39", width="1.56", color=black, fillcolor=white, style=filled, URL="$_consts_phy_8h.html", pos="318,126", rects="262,112,375,140"];
	Node11 [label=cmath, height="0.22", width="0.56", color=grey75, fillcolor=white, style=filled, pos="318,68", rects="298,60,338,76"];
	Node1 -> Node2 [color=midnightblue, style=solid, pos="e,185,204 227,240 217,231 204,220 192,210"];
	Node2 -> Node3 [color=midnightblue, style=solid, pos="e,212,76 174,176 183,153 200,107 209,83"];
	Node3 -> Node4 [color=midnightblue, style=solid, pos="e,162,24 205,60 195,52 181,40 169,30"];
	Node3 -> Node5 [color=midnightblue, style=solid, pos="e,215,24 215,60 215,53 215,42 215,33"];
	Node3 -> Node6 [color=midnightblue, style=solid, pos="e,272,24 226,60 237,52 253,39 265,30"];
	Node2 -> Node7 [color=midnightblue, style=solid, pos="e,95,134 150,176 135,165 116,150 102,139"];
	Node7 -> Node3 [color=midnightblue, style=solid, pos="e,196,76 102,118 124,108 162,91 188,80"];
	Node1 -> Node8 [color=midnightblue, style=solid, pos="e,302,204 260,240 270,231 283,220 295,210"];
	Node8 -> Node9 [color=midnightblue, style=solid, pos="e,391,76 345,176 359,167 374,155 383,140 392,122 393,98 392,83"];
	Node8 -> Node3 [color=midnightblue, style=solid, pos="e,218,76 295,176 282,167 265,154 253,140 238,122 227,98 221,82"];
	Node8 -> Node10 [color=midnightblue, style=solid, pos="e,318,140 318,176 318,168 318,159 318,150"];
	Node10 -> Node11 [color=midnightblue, style=solid, pos="e,318,76 318,112 318,104 318,94 318,85"];
	Node10 -> Node9 [color=midnightblue, style=solid, pos="e,380,76 335,112 347,103 362,90 374,81"];
	Node10 -> Node3 [color=midnightblue, style=solid, pos="e,229,76 293,112 276,102 253,89 236,80"];
}
