digraph "MobileHostObstacle.h" {
	node [label="\N", fontname=Helvetica, fontsize=10, shape=record];
	edge [fontname=Helvetica, fontsize=10, labelfontname=Helvetica, labelfontsize=10];
	graph [bb="0,0,373,304"];
	Node1 [label="MobileHostObstacle.h", height="0.22", width="1.61", color=black, fillcolor=grey75, style=filled, fontcolor=black, pos="123,288", rects="65,280,181,296"];
	Node2 [label=vector, height="0.22", width="0.56", color=grey75, fillcolor=white, style=filled, pos="20,230", rects="0,222,40,238"];
	Node3 [label="veins/base/utils/Coord.h", height="0.22", width="1.75", color=black, fillcolor=white, style=filled, URL="$_coord_8h.html", pos="215,172", rects="152,164,278,180"];
	Node4 [label="veins/veins.h", height="0.22", width="1.00", color=black, fillcolor=white, style=filled, URL="$veins_8h.html", pos="145,68", rects="109,60,181,76"];
	Node5 [label=memory, height="0.22", width="0.72", color=grey75, fillcolor=white, style=filled, pos="82,16", rects="56,8,108,24"];
	Node6 [label=utility, height="0.22", width="0.53", color=grey75, fillcolor=white, style=filled, pos="145,16", rects="126,8,165,24"];
	Node7 [label="omnetpp.h", height="0.22", width="0.86", color=grey75, fillcolor=white, style=filled, pos="213,16", rects="182,8,244,24"];
	Node8 [label="veins/base/utils/FWMath.h", height="0.22", width="1.94", color=black, fillcolor=white, style=filled, URL="$_f_w_math_8h.html", pos="259,120", rects="189,112,330,128"];
	Node9 [label=cmath, height="0.22", width="0.56", color=grey75, fillcolor=white, style=filled, pos="219,68", rects="199,60,239,76"];
	Node10 [label=limits, height="0.22", width="0.50", color=grey75, fillcolor=white, style=filled, pos="275,68", rects="257,60,293,76"];
	Node11 [label=type_traits, height="0.22", width="0.86", color=grey75, fillcolor=white, style=filled, pos="342,68", rects="311,60,373,76"];
	Node12 [label="veins/base/utils/Antenna\lPosition.h", height="0.39", width="1.81", color=black, fillcolor=white, style=filled, URL="$_antenna_position_8h.html", pos="123,230", rects="58,216,189,244"];
	Node1 -> Node2 [color=midnightblue, style=solid, pos="e,31,238 107,280 90,271 63,257 40,244 39,244 39,243 38,243"];
	Node1 -> Node3 [color=midnightblue, style=solid, pos="e,215,180 145,280 162,273 184,261 197,244 209,227 213,203 214,187"];
	Node3 -> Node4 [color=midnightblue, style=solid, pos="e,149,76 208,164 201,155 189,141 180,128 169,113 159,95 152,83"];
	Node4 -> Node5 [color=midnightblue, style=solid, pos="e,92,24 135,60 125,52 111,40 99,30"];
	Node4 -> Node6 [color=midnightblue, style=solid, pos="e,145,24 145,60 145,53 145,42 145,33"];
	Node4 -> Node7 [color=midnightblue, style=solid, pos="e,202,24 156,60 167,52 183,39 195,30"];
	Node3 -> Node8 [color=midnightblue, style=solid, pos="e,252,128 222,164 228,156 238,145 246,135"];
	Node8 -> Node9 [color=midnightblue, style=solid, pos="e,225,76 253,112 248,104 238,93 231,83"];
	Node8 -> Node10 [color=midnightblue, style=solid, pos="e,272,76 262,112 264,105 267,94 270,85"];
	Node8 -> Node11 [color=midnightblue, style=solid, pos="e,329,76 272,112 285,103 306,91 321,81"];
	Node8 -> Node4 [color=midnightblue, style=solid, pos="e,163,76 241,112 222,103 192,90 171,80"];
	Node1 -> Node12 [color=midnightblue, style=solid, pos="e,123,244 123,280 123,274 123,263 123,254"];
	Node12 -> Node4 [color=midnightblue, style=solid, pos="e,144,76 125,216 129,186 138,118 143,85"];
	Node12 -> Node3 [color=midnightblue, style=solid, pos="e,202,180 145,216 160,207 180,194 195,184"];
}
