digraph "NetwToMacControlInfo.cc" {
	node [label="\N", fontname=Helvetica, fontsize=10, shape=record];
	edge [fontname=Helvetica, fontsize=10, labelfontname=Helvetica, labelfontsize=10];
	graph [bb="0,0,229,252"];
	Node1 [label="NetwToMacControlInfo.cc", height="0.22", width="1.97", color=black, fillcolor=grey75, style=filled, fontcolor=black, pos="89,236", rects="18,228,161,244"];
	Node2 [label="veins/base/utils/NetwToMac\lControlInfo.h", height="0.39", width="2.08", color=black, fillcolor=white, style=filled, URL="$_netw_to_mac_control_info_8h.html", pos="89,178", rects="14,164,164,192"];
	Node3 [label="veins/veins.h", height="0.22", width="1.00", color=black, fillcolor=white, style=filled, URL="$veins_8h.html", pos="89,68", rects="53,60,125,76"];
	Node4 [label=memory, height="0.22", width="0.72", color=grey75, fillcolor=white, style=filled, pos="26,16", rects="0,8,52,24"];
	Node5 [label=utility, height="0.22", width="0.53", color=grey75, fillcolor=white, style=filled, pos="89,16", rects="70,8,109,24"];
	Node6 [label="omnetpp.h", height="0.22", width="0.86", color=grey75, fillcolor=white, style=filled, pos="157,16", rects="126,8,188,24"];
	Node7 [label="veins/base/utils/SimpleAddress.h", height="0.22", width="2.33", color=black, fillcolor=white, style=filled, URL="$_simple_address_8h.html", pos="145,120", rects="61,112,230,128"];
	Node1 -> Node2 [color=midnightblue, style=solid, pos="e,89,192 89,228 89,222 89,211 89,202"];
	Node2 -> Node3 [color=midnightblue, style=solid, pos="e,78,76 75,164 66,154 57,141 52,128 47,111 60,93 72,82"];
	Node3 -> Node4 [color=midnightblue, style=solid, pos="e,36,24 79,60 69,52 55,40 43,30"];
	Node3 -> Node5 [color=midnightblue, style=solid, pos="e,89,24 89,60 89,53 89,42 89,33"];
	Node3 -> Node6 [color=midnightblue, style=solid, pos="e,146,24 100,60 111,52 127,39 139,30"];
	Node2 -> Node7 [color=midnightblue, style=solid, pos="e,137,128 103,164 112,155 122,143 131,134"];
	Node7 -> Node3 [color=midnightblue, style=solid, pos="e,98,76 136,112 128,104 115,92 105,82"];
}
