digraph "SampledAntenna1D.cc" {
	node [label="\N", fontname=Helvetica, fontsize=10, shape=record];
	edge [fontname=Helvetica, fontsize=10, labelfontname=Helvetica, labelfontsize=10];
	graph [bb="0,0,317,368"];
	Node1 [label="SampledAntenna1D.cc", height="0.22", width="1.64", color=black, fillcolor=grey75, style=filled, fontcolor=black, pos="169,352", rects="110,344,229,360"];
	Node2 [label="veins/modules/phy/Sampled\lAntenna1D.h", height="0.39", width="2.06", color=black, fillcolor=white, style=filled, URL="$_sampled_antenna1_d_8h.html", pos="118,294", rects="44,280,193,308"];
	Node3 [label="veins/base/phyLayer\l/Antenna.h", height="0.39", width="1.56", color=black, fillcolor=white, style=filled, URL="$_antenna_8h.html", pos="78,230", rects="22,216,134,244"];
	Node4 [label="veins/base/utils/Coord.h", height="0.22", width="1.75", color=black, fillcolor=white, style=filled, URL="$_coord_8h.html", pos="89,172", rects="26,164,152,180"];
	Node5 [label="veins/veins.h", height="0.22", width="1.00", color=black, fillcolor=white, style=filled, URL="$veins_8h.html", pos="89,68", rects="53,60,125,76"];
	Node6 [label=memory, height="0.22", width="0.72", color=grey75, fillcolor=white, style=filled, pos="26,16", rects="0,8,52,24"];
	Node7 [label=utility, height="0.22", width="0.53", color=grey75, fillcolor=white, style=filled, pos="89,16", rects="70,8,109,24"];
	Node8 [label="omnetpp.h", height="0.22", width="0.86", color=grey75, fillcolor=white, style=filled, pos="157,16", rects="126,8,188,24"];
	Node9 [label="veins/base/utils/FWMath.h", height="0.22", width="1.94", color=black, fillcolor=white, style=filled, URL="$_f_w_math_8h.html", pos="198,120", rects="128,112,269,128"];
	Node10 [label=cmath, height="0.22", width="0.56", color=grey75, fillcolor=white, style=filled, pos="163,68", rects="143,60,183,76"];
	Node11 [label=limits, height="0.22", width="0.50", color=grey75, fillcolor=white, style=filled, pos="219,68", rects="201,60,237,76"];
	Node12 [label=type_traits, height="0.22", width="0.86", color=grey75, fillcolor=white, style=filled, pos="286,68", rects="255,60,317,76"];
	Node13 [label=vector, height="0.22", width="0.56", color=grey75, fillcolor=white, style=filled, pos="172,230", rects="152,222,192,238"];
	Node1 -> Node2 [color=midnightblue, style=solid, pos="e,131,308 162,344 156,337 146,325 137,315"];
	Node2 -> Node3 [color=midnightblue, style=solid, pos="e,87,244 109,280 104,272 97,261 92,252"];
	Node3 -> Node4 [color=midnightblue, style=solid, pos="e,88,180 81,216 82,208 84,197 86,189"];
	Node4 -> Node5 [color=midnightblue, style=solid, pos="e,89,76 89,164 89,146 89,106 89,84"];
	Node5 -> Node6 [color=midnightblue, style=solid, pos="e,36,24 79,60 69,52 55,40 43,30"];
	Node5 -> Node7 [color=midnightblue, style=solid, pos="e,89,24 89,60 89,53 89,42 89,33"];
	Node5 -> Node8 [color=midnightblue, style=solid, pos="e,146,24 100,60 111,52 127,39 139,30"];
	Node4 -> Node9 [color=midnightblue, style=solid, pos="e,181,128 106,164 124,155 153,142 173,132"];
	Node9 -> Node10 [color=midnightblue, style=solid, pos="e,169,76 193,112 188,104 180,93 174,84"];
	Node9 -> Node11 [color=midnightblue, style=solid, pos="e,216,76 201,112 204,105 209,94 212,85"];
	Node9 -> Node12 [color=midnightblue, style=solid, pos="e,272,76 212,112 227,103 248,90 265,81"];
	Node9 -> Node5 [color=midnightblue, style=solid, pos="e,106,76 181,112 163,103 134,90 114,80"];
	Node2 -> Node13 [color=midnightblue, style=solid, pos="e,165,238 130,280 139,269 151,255 160,245"];
	Node1 -> Node9 [color=midnightblue, style=solid, pos="e,200,128 177,344 185,336 196,322 201,308 220,248 209,172 202,138"];
}
