digraph "veins::AnnotationManager::drawPolygon" {
	graph [rankdir=LR];
	node [label="\N", fontname=Helvetica, fontsize=10, shape=record];
	edge [fontname=Helvetica, fontsize=10, labelfontname=Helvetica, labelfontsize=10];
	graph [bb="0,0,1206,292"];
	Node1 [label="veins::AnnotationManager\l::drawPolygon", height="0.39", width="1.92", color=black, fillcolor=grey75, style=filled, fontcolor=black, pos="78,163", rects="9,149,148,177"];
	Node2 [label="veins::AnnotationManager\l::drawPolygon", height="0.39", width="1.92", color=black, fillcolor=white, style=filled, URL="$classveins_1_1_annotation_manager.html#a7623e3423953cbe2f3db0133967829b7", pos="254,163", rects="185,149,324,177"];
	Node3 [label="veins::AnnotationManager\l::show", height="0.39", width="1.92", color=black, fillcolor=white, style=filled, URL="$classveins_1_1_annotation_manager.html#a87ffa1c7edbccb8372a4551b73c73def", pos="430,163", rects="361,149,500,177"];
	Node4 [label="veins::TraCIScenarioManager\lAccess::get", height="0.39", width="2.11", color=black, fillcolor=white, style=filled, URL="$classveins_1_1_tra_c_i_scenario_manager_access.html#a327aea423a1acd13027a591fbae8b4c5", pos="618,278", rects="542,264,695,292"];
	Node5 [label="veins::FindModule::\lfindGlobalModule", height="0.39", width="1.42", color=black, fillcolor=white, style=filled, URL="$classveins_1_1_find_module.html#a5235f90b10b3a297c25baeaa8a4194cf", tooltip="Returns a pointer to the module with the type of this template. ", pos="798,278", rects="747,264,849,292"];
	Node6 [label="veins::TraCIScenarioManager\l::isConnected", height="0.39", width="2.11", color=black, fillcolor=white, style=filled, URL="$classveins_1_1_tra_c_i_scenario_manager.html#af75c851ce8b8b0b41002eb804c5e0dc5", pos="618,232", rects="542,218,695,246"];
	Node7 [label="veins::TraCIScenarioManager\l::getCommandInterface", height="0.39", width="2.11", color=black, fillcolor=white, style=filled, URL="$classveins_1_1_tra_c_i_scenario_manager.html#a43c534fb3c4b7fb62e0ce5187302311c", pos="618,186", rects="542,172,695,200"];
	Node8 [label="veins::TraCICommandInterface\l::addPoi", height="0.39", width="2.28", color=black, fillcolor=white, style=filled, URL="$classveins_1_1_tra_c_i_command_interface.html#ac993f428c814e092e6d7326e2af150eb", pos="618,140", rects="536,126,700,154"];
	Node9 [label="veins::TraCIConnection\l::omnet2traci", height="0.39", width="1.69", color=black, fillcolor=white, style=filled, URL="$classveins_1_1_tra_c_i_connection.html#a6d4e9998a9dc8bb98c915ed6f4f163db", tooltip="convert OMNeT++ coordinates to TraCI coordinates ", pos="798,186", rects="737,172,860,200"];
	Node10 [label="veins::TraCIConnection\l::query", height="0.39", width="1.69", color=black, fillcolor=white, style=filled, URL="$classveins_1_1_tra_c_i_connection.html#aaf49494fd564d7e88f1c539d9fd8aff8", tooltip="sends a single command via TraCI, checks status response, returns additional responses. ", pos="798,140", rects="737,126,860,154"];
	Node11 [label="veins::TraCIConnection\l::sendMessage", height="0.39", width="1.69", color=black, fillcolor=white, style=filled, URL="$classveins_1_1_tra_c_i_connection.html#ae9525e27e903007d2fb3382e790a748a", tooltip="sends a message via TraCI (after adding the header) ", pos="970,140", rects="909,126,1032,154"];
	Node12 [label="veins::socket", height="0.22", width="0.94", color=black, fillcolor=white, style=filled, URL="$namespaceveins.html#a3e04988b53f0d0109602feb7895b4302", pos="1139,158", rects="1105,150,1173,166"];
	Node13 [label="veins::TraCIBuffer::str", height="0.22", width="1.61", color=black, fillcolor=white, style=filled, URL="$classveins_1_1_tra_c_i_buffer.html#a82188788949eca6bd7c48b1476f67b95", pos="1139,121", rects="1081,113,1198,129"];
	Node14 [label="veins::makeTraCICommand", height="0.22", width="2.03", color=black, fillcolor=white, style=filled, URL="$namespaceveins.html#af83b40d9114af922837b09398bc72005", tooltip="returns byte-buffer containing a TraCI command with optional parameters ", pos="970,100", rects="897,92,1044,108"];
	Node15 [label="veins::TraCIConnection\l::receiveMessage", height="0.39", width="1.69", color=black, fillcolor=white, style=filled, URL="$classveins_1_1_tra_c_i_connection.html#abec53685d1816f11e2ab2797bdc467fb", tooltip="receives a message via TraCI (and strips the header) ", pos="970,186", rects="909,172,1032,200"];
	Node16 [label="veins::TraCIColor::\lfromTkColor", height="0.39", width="1.33", color=black, fillcolor=white, style=filled, URL="$classveins_1_1_tra_c_i_color.html#a298f34374f0c11021d65018040152c98", pos="618,31", rects="570,17,667,45"];
	Node17 [label="veins::TraCIColor::\lTraCIColor", height="0.39", width="1.33", color=black, fillcolor=white, style=filled, URL="$classveins_1_1_tra_c_i_color.html#aed4c0a7c62bb97cd300b23f3f932e6e7", pos="798,14", rects="750,0,847,28"];
	Node18 [label="veins::TraCICommandInterface\l::addPolygon", height="0.39", width="2.28", color=black, fillcolor=white, style=filled, URL="$classveins_1_1_tra_c_i_command_interface.html#a1d528260cf5344fffba0a59127881d1d", pos="618,94", rects="536,80,700,108"];
	Node19 [label="veins::TraCIBuffer\l::writeByteOrFull", height="0.39", width="1.42", color=black, fillcolor=white, style=filled, URL="$classveins_1_1_tra_c_i_buffer.html#a249733b42f67d40a3c668089ec9fdfe8", tooltip="write only a Byte if value fits in a Byte. ", pos="798,94", rects="747,80,849,108"];
	Node20 [label="veins::TraCIBuffer::eof", height="0.22", width="1.67", color=black, fillcolor=white, style=filled, URL="$classveins_1_1_tra_c_i_buffer.html#a557599847e1cd7733e715752b35c0248", pos="798,54", rects="738,46,859,62"];
	Node1 -> Node2 [color=midnightblue, style=solid, pos="e,184,163 148,163 157,163 165,163 174,163"];
	Node2 -> Node3 [color=midnightblue, style=solid, pos="e,360,163 324,163 333,163 341,163 350,163"];
	Node3 -> Node4 [color=midnightblue, style=solid, pos="e,541,268 500,177 532,202 506,235 533,261"];
	Node4 -> Node5 [color=midnightblue, style=solid, pos="e,747,278 695,278 710,278 724,278 738,278"];
	Node3 -> Node6 [color=midnightblue, style=solid, pos="e,541,221 500,177 520,188 516,204 532,216"];
	Node3 -> Node7 [color=midnightblue, style=solid, pos="e,541,177 500,172 510,174 521,174 531,176"];
	Node3 -> Node8 [color=midnightblue, style=solid, pos="e,536,150 500,154 509,153 517,152 526,151"];
	Node8 -> Node9 [color=midnightblue, style=solid, pos="e,736,172 700,154 714,158 718,163 727,168"];
	Node8 -> Node10 [color=midnightblue, style=solid, pos="e,736,140 700,140 709,140 718,140 726,140"];
	Node10 -> Node11 [color=midnightblue, style=solid, pos="e,908,140 860,140 873,140 886,140 898,140"];
	Node11 -> Node12 [color=midnightblue, style=solid, pos="e,1105,155 1032,147 1054,150 1077,151 1096,154"];
	Node11 -> Node13 [color=midnightblue, style=solid, pos="e,1080,128 1032,133 1045,131 1058,130 1070,129"];
	Node10 -> Node14 [color=midnightblue, style=solid, pos="e,896,108 860,126 873,121 877,116 886,112"];
	Node14 -> Node13 [color=midnightblue, style=solid, pos="e,1080,113 1044,108 1057,109 1062,110 1070,111"];
	Node10 -> Node15 [color=midnightblue, style=solid, pos="e,908,175 860,154 877,160 880,166 896,172 897,172 898,172 898,173"];
	Node15 -> Node12 [color=midnightblue, style=solid, pos="e,1105,162 1032,174 1047,171 1064,168 1080,166 1085,165 1090,164 1095,163"];
	Node3 -> Node16 [color=midnightblue, style=solid, pos="e,569,31 500,149 537,116 499,76 536,45 543,40 551,36 559,33"];
	Node16 -> Node17 [color=midnightblue, style=solid, pos="e,749,18 667,26 689,24 716,22 740,19"];
	Node3 -> Node18 [color=midnightblue, style=solid, pos="e,536,108 500,149 518,138 516,124 528,113"];
	Node18 -> Node19 [color=midnightblue, style=solid, pos="e,747,94 700,94 713,94 725,94 737,94"];
	Node18 -> Node9 [color=midnightblue, style=solid, pos="e,736,172 700,108 724,124 713,147 729,166"];
	Node18 -> Node10 [color=midnightblue, style=solid, pos="e,736,126 700,108 714,112 718,117 727,122"];
	Node18 -> Node20 [color=midnightblue, style=solid, pos="e,737,62 700,80 714,75 718,70 727,65"];
}
