digraph "veins::TraCITrafficLightInterface::sendChangeMsg" {
	graph [rankdir=LR];
	node [label="\N", fontname=Helvetica, fontsize=10, shape=record];
	edge [fontname=Helvetica, fontsize=10, labelfontname=Helvetica, labelfontsize=10];
	graph [bb="0,0,1552,255"];
	Node1 [label="veins::TraCITrafficLight\lInterface::sendChangeMsg", height="0.39", width="1.92", color=black, fillcolor=grey75, style=filled, fontcolor=black, pos="77,106", rects="8,92,146,120"];
	Node2 [label="veins::TraCITrafficLight\lInterface::setCurrentLogicById", height="0.39", width="2.22", color=black, fillcolor=white, style=filled, URL="$classveins_1_1_tra_c_i_traffic_light_interface.html#a02ae7efc223ff2a4ac1fa74a52e6409e", pos="267,152", rects="187,138,348,166"];
	Node3 [label="veins::TraCIScenarioManager\l::processTrafficLightSubscription", height="0.39", width="2.36", color=black, fillcolor=white, style=filled, URL="$classveins_1_1_tra_c_i_scenario_manager.html#add02cc9cb92d43c6d9ed80ecae664063", pos="478,155", rects="393,141,564,169"];
	Node4 [label="veins::TraCIScenarioManager\l::processSubcriptionResult", height="0.39", width="2.11", color=black, fillcolor=white, style=filled, URL="$classveins_1_1_tra_c_i_scenario_manager.html#a2f149bc15c3119ab19850b6960689eeb", pos="681,155", rects="605,141,758,169"];
	Node5 [label="veins::TraCIScenarioManager\l::executeOneTimestep", height="0.39", width="2.11", color=black, fillcolor=white, style=filled, URL="$classveins_1_1_tra_c_i_scenario_manager.html#a84ebe9fb50441189bd39f949f2593115", tooltip="read and execute all commands for the next timestep ", pos="1087,239", rects="1011,225,1164,253"];
	Node6 [label="veins::TraCIScenarioManager\l::handleSelfMsg", height="0.39", width="2.11", color=black, fillcolor=white, style=filled, URL="$classveins_1_1_tra_c_i_scenario_manager.html#a86a0b91aab8823c087c33b99f3a06b1f", pos="1277,239", rects="1201,225,1354,253"];
	Node7 [label="veins::TraCIScenarioManager\l::handleMessage", height="0.39", width="2.11", color=black, fillcolor=white, style=filled, URL="$classveins_1_1_tra_c_i_scenario_manager.html#ac66ce95372a25d1860ad24748363090d", pos="1467,239", rects="1391,225,1544,253"];
	Node8 [label="veins::TraCIScenarioManager\l::init_traci", height="0.39", width="2.11", color=black, fillcolor=white, style=filled, URL="$classveins_1_1_tra_c_i_scenario_manager.html#a5389f3fc889b1fe3fd126c33a7d9ae36", pos="1087,193", rects="1011,179,1164,207"];
	Node9 [label="veins::TraCIScenarioManager\lLaunchd::init_traci", height="0.39", width="2.11", color=black, fillcolor=white, style=filled, URL="$classveins_1_1_tra_c_i_scenario_manager_launchd.html#a5547124fea3c83e5492a9cdb029948c9", pos="1277,193", rects="1201,179,1354,207"];
	Node10 [label="veins::TraCIScenarioManager\l::subscribeToTrafficLightVariables", height="0.39", width="2.50", color=black, fillcolor=white, style=filled, URL="$classveins_1_1_tra_c_i_scenario_manager.html#a9aff5d4c2403fdc11846bbb27f32fd04", pos="884,197", rects="794,183,974,211"];
	Node11 [label="veins::TraCIScenarioManager\l::subscribeToVehicleVariables", height="0.39", width="2.14", color=black, fillcolor=white, style=filled, URL="$classveins_1_1_tra_c_i_scenario_manager.html#a999d945fca20d45532a24b492430d742", pos="884,75", rects="807,61,962,89"];
	Node12 [label="veins::TraCIScenarioManager\l::processVehicleSubscription", height="0.39", width="2.11", color=black, fillcolor=white, style=filled, URL="$classveins_1_1_tra_c_i_scenario_manager.html#a4b6aa1aa798b245ff323c5759a3b848e", pos="1087,96", rects="1011,82,1164,110"];
	Node13 [label="veins::TraCITrafficLight\lInterface::handleChangeCommand\lMessage", height="0.56", width="2.50", color=black, fillcolor=white, style=filled, URL="$classveins_1_1_tra_c_i_traffic_light_interface.html#a21e6f2a1be4ab8952cd2c2ea4e43d712", pos="478,103", rects="388,83,568,123"];
	Node14 [label="veins::TraCITrafficLight\lInterface::handleMessage", height="0.39", width="1.81", color=black, fillcolor=white, style=filled, URL="$classveins_1_1_tra_c_i_traffic_light_interface.html#a04bf7b95b3007906095ccfddb9d830a8", pos="681,103", rects="616,89,747,117"];
	Node15 [label="veins::TraCITrafficLight\lInterface::setCurrentPhaseByNr", height="0.39", width="2.31", color=black, fillcolor=white, style=filled, URL="$classveins_1_1_tra_c_i_traffic_light_interface.html#a44cf7ae2ea56d79cd51017da1c92696f", pos="267,106", rects="184,92,350,120"];
	Node16 [label="veins::TraCITrafficLight\lInterface::setCurrentState", height="0.39", width="1.83", color=black, fillcolor=white, style=filled, URL="$classveins_1_1_tra_c_i_traffic_light_interface.html#a56222ccb6427fd3996db5117e0f766b8", pos="267,60", rects="201,46,333,74"];
	Node17 [label="veins::TraCITrafficLight\lInterface::setNextSwitch", height="0.39", width="1.78", color=black, fillcolor=white, style=filled, URL="$classveins_1_1_tra_c_i_traffic_light_interface.html#ada896b2e872d54253ea1f3f24bb8dd63", pos="267,198", rects="203,184,332,212"];
	Node18 [label="veins::TraCITrafficLight\lInterface::setRemainingDuration", height="0.39", width="2.33", color=black, fillcolor=white, style=filled, URL="$classveins_1_1_tra_c_i_traffic_light_interface.html#a1160a12ff8cd727c6e6077014397b689", pos="267,14", rects="183,0,352,28"];
	Node1 -> Node2 [dir=back, color=midnightblue, style=solid, pos="s,146,120 155,124 164,129 169,134 182,138 183,138 185,139 186,139"];
	Node2 -> Node3 [dir=back, color=midnightblue, style=solid, pos="s,348,153 358,153 369,153 381,153 392,154"];
	Node3 -> Node4 [dir=back, color=midnightblue, style=solid, pos="s,564,155 574,155 584,155 594,155 604,155"];
	Node4 -> Node5 [dir=back, color=midnightblue, style=solid, pos="s,737,169 746,171 750,173 753,175 758,178 779,191 773,209 794,220 862,253 949,255 1010,250"];
	Node5 -> Node6 [dir=back, color=midnightblue, style=solid, pos="s,1164,239 1174,239 1183,239 1191,239 1200,239"];
	Node6 -> Node7 [dir=back, color=midnightblue, style=solid, pos="s,1354,239 1364,239 1373,239 1381,239 1390,239"];
	Node4 -> Node8 [dir=back, color=midnightblue, style=solid, pos="s,758,158 768,158 826,161 905,165 974,174 987,175 1000,177 1013,179"];
	Node8 -> Node6 [dir=back, color=midnightblue, style=solid, pos="s,1164,207 1172,210 1183,215 1187,220 1200,225"];
	Node8 -> Node9 [dir=back, color=midnightblue, style=solid, pos="s,1164,193 1174,193 1183,193 1191,193 1200,193"];
	Node4 -> Node10 [dir=back, color=midnightblue, style=solid, pos="s,758,169 767,172 777,175 781,179 794,183"];
	Node10 -> Node8 [dir=back, color=midnightblue, style=solid, pos="s,974,195 982,195 992,195 1001,195 1010,194"];
	Node4 -> Node11 [dir=back, color=midnightblue, style=solid, pos="s,758,141 765,135 780,121 774,102 794,89 798,87 802,85 806,83"];
	Node11 -> Node12 [dir=back, color=midnightblue, style=solid, pos="s,962,83 971,84 984,85 997,86 1010,88"];
	Node12 -> Node4 [dir=back, color=midnightblue, style=solid, pos="s,1010,107 1001,108 929,119 827,134 758,144"];
	Node2 -> Node13 [dir=back, color=midnightblue, style=solid, pos="s,348,139 357,137 370,133 374,128 388,123"];
	Node13 -> Node14 [dir=back, color=midnightblue, style=solid, pos="s,568,103 577,103 590,103 603,103 615,103"];
	Node1 -> Node15 [dir=back, color=midnightblue, style=solid, pos="s,146,106 156,106 165,106 174,106 184,106"];
	Node15 -> Node3 [dir=back, color=midnightblue, style=solid, pos="s,350,119 358,123 371,129 373,136 388,141 389,141 391,142 392,142"];
	Node15 -> Node13 [dir=back, color=midnightblue, style=solid, pos="s,350,105 360,105 369,105 378,105 388,104"];
	Node1 -> Node16 [dir=back, color=midnightblue, style=solid, pos="s,146,92 155,89 164,84 169,79 182,74 188,72 194,71 201,69"];
	Node16 -> Node3 [dir=back, color=midnightblue, style=solid, pos="s,333,65 341,68 345,70 349,72 352,74 380,94 361,122 388,141 389,142 391,143 392,144"];
	Node16 -> Node13 [dir=back, color=midnightblue, style=solid, pos="s,333,71 341,72 345,73 349,73 352,74 369,78 372,80 388,83"];
	Node1 -> Node17 [dir=back, color=midnightblue, style=solid, pos="s,146,120 153,126 170,145 158,167 182,184 188,188 195,191 202,193"];
	Node17 -> Node3 [dir=back, color=midnightblue, style=solid, pos="s,332,189 340,187 344,186 348,185 352,184 369,179 372,173 388,169 389,169 391,168 392,168"];
	Node17 -> Node13 [dir=back, color=midnightblue, style=solid, pos="s,332,193 340,190 345,188 348,186 352,184 378,166 363,142 388,123"];
	Node1 -> Node18 [dir=back, color=midnightblue, style=solid, pos="s,146,92 153,86 170,68 159,45 182,28"];
}
