digraph "veins::AntennaPosition::getPositionAt" {
	graph [rankdir=LR];
	node [label="\N", fontname=Helvetica, fontsize=10, shape=record];
	edge [fontname=Helvetica, fontsize=10, labelfontname=Helvetica, labelfontsize=10];
	graph [bb="0,0,996,422"];
	Node1 [label="veins::AntennaPosition\l::getPositionAt", height="0.39", width="1.67", color=black, fillcolor=grey75, style=filled, fontcolor=black, pos="68,219", rects="8,205,128,233"];
	Node2 [label="veins::ChannelAccess\l::calculatePropagationDelay", height="0.39", width="1.97", color=black, fillcolor=white, style=filled, URL="$classveins_1_1_channel_access.html#a01c12c70034ec0583ee5f4e1ac0f683b", tooltip="Calculates the propagation delay to the passed receiving nic. ", pos="248,408", rects="177,394,320,422"];
	Node3 [label="veins::ChannelAccess\l::sendToChannel", height="0.39", width="1.56", color=black, fillcolor=white, style=filled, URL="$classveins_1_1_channel_access.html#ae370934ad7b1feacc1cb6bd6ad437198", tooltip="Sends a message to all nics connected to this one. ", pos="454,287", rects="398,273,510,301"];
	Node4 [label="veins::BasePhyLayer\l::sendMessageDown", height="0.39", width="1.53", color=black, fillcolor=white, style=filled, URL="$classveins_1_1_base_phy_layer.html#a1fe847ed3e50ccf3a3740234dfee42b1", tooltip="Send the passed AirFrame to the channel. ", pos="631,265", rects="576,251,686,279"];
	Node5 [label="veins::BasePhyLayer\l::handleUpperMessage", height="0.39", width="1.64", color=black, fillcolor=white, style=filled, URL="$classveins_1_1_base_phy_layer.html#a17b1d469775962d23835dd5f43a639ac", tooltip="Handle messages received from the upper layer and start transmitting them. ", pos="782,254", rects="723,240,842,268"];
	Node6 [label="veins::BasePhyLayer\l::handleMessage", height="0.39", width="1.53", color=black, fillcolor=white, style=filled, URL="$classveins_1_1_base_phy_layer.html#a54c20b44779b724638e62f941b656f9c", tooltip="Process received messages and pass to specific handlers. ", pos="933,195", rects="878,181,988,209"];
	Node7 [label="veins::PERModel::filterSignal", height="0.22", width="2.08", color=black, fillcolor=white, style=filled, URL="$classveins_1_1_p_e_r_model.html#adb563a9e10232d935d4489869ffb5ad3", tooltip="Has to be overriden by every implementation. ", pos="248,368", rects="173,360,323,376"];
	Node8 [label="veins::TwoRayInterference\lModel::filterSignal", height="0.39", width="1.97", color=black, fillcolor=white, style=filled, URL="$classveins_1_1_two_ray_interference_model.html#a4c322a29e4987d2021bee9234a0ad0b9", tooltip="Has to be overriden by every implementation. ", pos="248,328", rects="177,314,319,342"];
	Node9 [label="veins::NakagamiFading\l::filterSignal", height="0.39", width="1.72", color=black, fillcolor=white, style=filled, URL="$classveins_1_1_nakagami_fading.html#a630ff5ca1212baf8d9afac0d017229da", tooltip="Simple Nakagami-m fading (based on a constant factor across all time and frequencies). ", pos="248,282", rects="186,268,310,296"];
	Node10 [label="veins::VehicleObstacleShadowing\l::filterSignal", height="0.39", width="2.36", color=black, fillcolor=white, style=filled, URL="$classveins_1_1_vehicle_obstacle_shadowing.html#aa1a8069440240b74a7a8ea0c91b06116", tooltip="Filters a specified Signal by adding an attenuation over time to the Signal. ", pos="454,222", rects="369,208,540,236"];
	Node11 [label="veins::SimpleObstacleShadowing\l::filterSignal", height="0.39", width="2.33", color=black, fillcolor=white, style=filled, URL="$classveins_1_1_simple_obstacle_shadowing.html#a232c35993ba999b86d6e700d2152c98a", tooltip="Filters a specified Signal by adding an attenuation over time to the Signal. ", pos="248,198", rects="164,184,332,212"];
	Node12 [label="veins::SimplePathlossModel\l::filterSignal", height="0.39", width="1.97", color=black, fillcolor=white, style=filled, URL="$classveins_1_1_simple_pathloss_model.html#a71783f3a91bb7178629fa58aadf793e4", tooltip="Filters a specified AirFrame&#39;s Signal by adding an attenuation over time to the Signal. ", pos="248,152", rects="177,138,319,166"];
	Node13 [label="veins::BreakpointPathloss\lModel::filterSignal", height="0.39", width="1.83", color=black, fillcolor=white, style=filled, URL="$classveins_1_1_breakpoint_pathloss_model.html#aeb1eff2df94e21c6ed4f16adae50cf3f", tooltip="Filters a specified AirFrame&#39;s Signal by adding an attenuation over time to the Signal. ", pos="248,106", rects="182,92,315,120"];
	Node14 [label="veins::BasePhyLayer\l::filterSignal", height="0.39", width="1.53", color=black, fillcolor=white, style=filled, URL="$classveins_1_1_base_phy_layer.html#adb6dcf56295ceb53b34e83eb409a40a2", tooltip="Filter the passed AirFrame&#39;s Signal by every registered AnalogueModel. ", pos="248,14", rects="193,0,303,28"];
	Node15 [label="veins::BasePhyLayer\l::handleAirFrameStartReceive", height="0.39", width="2.17", color=black, fillcolor=white, style=filled, URL="$classveins_1_1_base_phy_layer.html#a671f083680882230b754b7e9578e6274", tooltip="Handle incoming AirFrames with the state AirFrameState::start_receive. ", pos="454,85", rects="376,71,532,99"];
	Node16 [label="veins::BasePhyLayer\l::handleAirFrame", height="0.39", width="1.53", color=black, fillcolor=white, style=filled, URL="$classveins_1_1_base_phy_layer.html#a8d6f371fa6ea6ca89cb78764a05f31dd", tooltip="Handle messages received from the channel. ", pos="631,130", rects="576,116,686,144"];
	Node17 [label="veins::BasePhyLayer\l::handleSelfMessage", height="0.39", width="1.53", color=black, fillcolor=white, style=filled, URL="$classveins_1_1_base_phy_layer.html#a17088ad93f59e143ff6c7ba866a31982", tooltip="Handle self scheduled messages. ", pos="782,153", rects="727,139,837,167"];
	Node18 [label="veins::PhyLayer80211p\l::handleSelfMessage", height="0.39", width="1.61", color=black, fillcolor=white, style=filled, URL="$classveins_1_1_phy_layer80211p.html#a020601bba0e334a622dc8e193c5946b0", tooltip="Handle self scheduled messages. ", pos="782,107", rects="724,93,841,121"];
	Node19 [label="veins::VehicleObstacleControl\l::getPotentialObstacles", height="0.39", width="2.14", color=black, fillcolor=white, style=filled, URL="$classveins_1_1_vehicle_obstacle_control.html#ab98060c628b51496d26c95962a30517f", tooltip="get distance and height of potential obstacles ", pos="248,60", rects="171,46,325,74"];
	Node1 -> Node2 [dir=back, color=midnightblue, style=solid, pos="s,128,233 135,241 174,291 114,345 164,394 168,397 172,400 176,402"];
	Node2 -> Node3 [dir=back, color=midnightblue, style=solid, pos="s,320,401 328,397 329,396 331,395 332,394 367,366 334,328 368,301 377,294 387,290 398,288"];
	Node3 -> Node4 [dir=back, color=midnightblue, style=solid, pos="s,510,280 519,279 537,277 558,275 576,272"];
	Node4 -> Node5 [dir=back, color=midnightblue, style=solid, pos="s,686,261 695,260 704,260 713,259 722,258"];
	Node5 -> Node6 [dir=back, color=midnightblue, style=solid, pos="s,842,240 849,235 861,226 863,217 878,209"];
	Node1 -> Node7 [dir=back, color=midnightblue, style=solid, pos="s,128,233 135,240 165,279 122,324 164,360 167,362 170,364 173,366"];
	Node1 -> Node8 [dir=back, color=midnightblue, style=solid, pos="s,128,233 135,240 155,264 136,291 164,314 168,317 172,319 177,321"];
	Node1 -> Node9 [dir=back, color=midnightblue, style=solid, pos="s,128,233 136,238 148,247 148,259 164,268 171,271 178,274 186,276"];
	Node1 -> Node10 [dir=back, color=midnightblue, style=solid, pos="s,128,220 137,220 146,220 156,221 164,221 233,222 311,222 368,222"];
	Node1 -> Node11 [dir=back, color=midnightblue, style=solid, pos="s,128,212 137,211 146,210 155,209 164,208"];
	Node1 -> Node12 [dir=back, color=midnightblue, style=solid, pos="s,128,205 135,200 148,189 147,175 164,166 168,164 172,162 177,160"];
	Node1 -> Node13 [dir=back, color=midnightblue, style=solid, pos="s,128,205 135,198 156,173 135,143 164,120 169,116 175,113 181,110"];
	Node1 -> Node14 [dir=back, color=midnightblue, style=solid, pos="s,128,205 134,198 178,142 109,81 164,28 172,21 182,16 193,14"];
	Node14 -> Node15 [dir=back, color=midnightblue, style=solid, pos="s,303,18 312,20 319,22 326,24 332,28 354,41 347,59 368,71 371,72 373,74 376,75"];
	Node15 -> Node16 [dir=back, color=midnightblue, style=solid, pos="s,532,97 541,99 557,104 560,110 576,116"];
	Node16 -> Node6 [dir=back, color=midnightblue, style=solid, pos="s,684,144 693,149 705,157 706,168 722,176 772,197 834,200 878,199"];
	Node16 -> Node17 [dir=back, color=midnightblue, style=solid, pos="s,686,138 695,139 705,141 716,143 727,145"];
	Node17 -> Node6 [dir=back, color=midnightblue, style=solid, pos="s,837,165 846,168 860,173 863,175 878,181"];
	Node16 -> Node18 [dir=back, color=midnightblue, style=solid, pos="s,686,122 695,121 704,119 714,118 723,116"];
	Node1 -> Node19 [dir=back, color=midnightblue, style=solid, pos="s,128,205 134,198 167,158 122,112 164,74 166,72 168,70 171,69"];
	Node19 -> Node10 [dir=back, color=midnightblue, style=solid, pos="s,325,69 333,75 377,116 323,166 368,208"];
}
