digraph "veins::VehicleObstacleControl::drawVehicleObstacles" {
	graph [rankdir=LR];
	node [label="\N", fontname=Helvetica, fontsize=10, shape=record];
	edge [fontname=Helvetica, fontsize=10, labelfontname=Helvetica, labelfontsize=10];
	graph [bb="0,0,1220,321"];
	Node1 [label="veins::VehicleObstacleControl\l::drawVehicleObstacles", height="0.39", width="2.14", color=black, fillcolor=grey75, style=filled, fontcolor=black, pos="85,129", rects="8,115,162,143"];
	Node2 [label="veins::AnnotationManager\l::drawPolygon", height="0.39", width="1.92", color=black, fillcolor=white, style=filled, URL="$classveins_1_1_annotation_manager.html#a7623e3423953cbe2f3db0133967829b7", pos="268,129", rects="199,115,338,143"];
	Node3 [label="veins::AnnotationManager\l::show", height="0.39", width="1.92", color=black, fillcolor=white, style=filled, URL="$classveins_1_1_annotation_manager.html#a87ffa1c7edbccb8372a4551b73c73def", pos="444,129", rects="375,115,514,143"];
	Node4 [label="veins::TraCICommandInterface\l::addPoi", height="0.39", width="2.28", color=black, fillcolor=white, style=filled, URL="$classveins_1_1_tra_c_i_command_interface.html#ac993f428c814e092e6d7326e2af150eb", pos="632,264", rects="550,250,714,278"];
	Node5 [label="veins::TraCIConnection\l::omnet2traci", height="0.39", width="1.69", color=black, fillcolor=white, style=filled, URL="$classveins_1_1_tra_c_i_connection.html#a6d4e9998a9dc8bb98c915ed6f4f163db", tooltip="convert OMNeT++ coordinates to TraCI coordinates ", pos="812,307", rects="751,293,874,321"];
	Node6 [label="veins::TraCIConnection\l::query", height="0.39", width="1.69", color=black, fillcolor=white, style=filled, URL="$classveins_1_1_tra_c_i_connection.html#aaf49494fd564d7e88f1c539d9fd8aff8", tooltip="sends a single command via TraCI, checks status response, returns additional responses. ", pos="812,261", rects="751,247,874,275"];
	Node7 [label="veins::makeTraCICommand", height="0.22", width="2.03", color=black, fillcolor=white, style=filled, URL="$namespaceveins.html#af83b40d9114af922837b09398bc72005", tooltip="returns byte-buffer containing a TraCI command with optional parameters ", pos="984,301", rects="911,293,1058,309"];
	Node8 [label="veins::TraCIBuffer::str", height="0.22", width="1.61", color=black, fillcolor=white, style=filled, URL="$classveins_1_1_tra_c_i_buffer.html#a82188788949eca6bd7c48b1476f67b95", pos="1153,281", rects="1095,273,1212,289"];
	Node9 [label="veins::TraCIConnection\l::receiveMessage", height="0.39", width="1.69", color=black, fillcolor=white, style=filled, URL="$classveins_1_1_tra_c_i_connection.html#abec53685d1816f11e2ab2797bdc467fb", tooltip="receives a message via TraCI (and strips the header) ", pos="984,215", rects="923,201,1046,229"];
	Node10 [label="veins::socket", height="0.22", width="0.94", color=black, fillcolor=white, style=filled, URL="$namespaceveins.html#a3e04988b53f0d0109602feb7895b4302", pos="1153,241", rects="1119,233,1187,249"];
	Node11 [label="veins::TraCIConnection\l::sendMessage", height="0.39", width="1.69", color=black, fillcolor=white, style=filled, URL="$classveins_1_1_tra_c_i_connection.html#ae9525e27e903007d2fb3382e790a748a", tooltip="sends a message via TraCI (after adding the header) ", pos="984,261", rects="923,247,1046,275"];
	Node12 [label="veins::TraCICommandInterface\l::addPolygon", height="0.39", width="2.28", color=black, fillcolor=white, style=filled, URL="$classveins_1_1_tra_c_i_command_interface.html#a1d528260cf5344fffba0a59127881d1d", pos="632,218", rects="550,204,714,232"];
	Node13 [label="veins::TraCIBuffer::eof", height="0.22", width="1.67", color=black, fillcolor=white, style=filled, URL="$classveins_1_1_tra_c_i_buffer.html#a557599847e1cd7733e715752b35c0248", pos="812,221", rects="752,213,873,229"];
	Node14 [label="veins::TraCIBuffer\l::writeByteOrFull", height="0.39", width="1.42", color=black, fillcolor=white, style=filled, URL="$classveins_1_1_tra_c_i_buffer.html#a249733b42f67d40a3c668089ec9fdfe8", tooltip="write only a Byte if value fits in a Byte. ", pos="812,181", rects="761,167,863,195"];
	Node15 [label="veins::TraCIColor::\lfromTkColor", height="0.39", width="1.33", color=black, fillcolor=white, style=filled, URL="$classveins_1_1_tra_c_i_color.html#a298f34374f0c11021d65018040152c98", pos="632,152", rects="584,138,681,166"];
	Node16 [label="veins::TraCIColor::\lTraCIColor", height="0.39", width="1.33", color=black, fillcolor=white, style=filled, URL="$classveins_1_1_tra_c_i_color.html#aed4c0a7c62bb97cd300b23f3f932e6e7", pos="812,135", rects="764,121,861,149"];
	Node17 [label="veins::TraCIScenarioManager\lAccess::get", height="0.39", width="2.11", color=black, fillcolor=white, style=filled, URL="$classveins_1_1_tra_c_i_scenario_manager_access.html#a327aea423a1acd13027a591fbae8b4c5", pos="632,106", rects="556,92,709,120"];
	Node18 [label="veins::FindModule::\lfindGlobalModule", height="0.39", width="1.42", color=black, fillcolor=white, style=filled, URL="$classveins_1_1_find_module.html#a5235f90b10b3a297c25baeaa8a4194cf", tooltip="Returns a pointer to the module with the type of this template. ", pos="812,89", rects="761,75,863,103"];
	Node19 [label="veins::TraCIScenarioManager\l::getCommandInterface", height="0.39", width="2.11", color=black, fillcolor=white, style=filled, URL="$classveins_1_1_tra_c_i_scenario_manager.html#a43c534fb3c4b7fb62e0ce5187302311c", pos="632,60", rects="556,46,709,74"];
	Node20 [label="veins::TraCIScenarioManager\l::isConnected", height="0.39", width="2.11", color=black, fillcolor=white, style=filled, URL="$classveins_1_1_tra_c_i_scenario_manager.html#af75c851ce8b8b0b41002eb804c5e0dc5", pos="632,14", rects="556,0,709,28"];
	Node1 -> Node2 [color=midnightblue, style=solid, pos="e,198,129 162,129 171,129 179,129 188,129"];
	Node2 -> Node3 [color=midnightblue, style=solid, pos="e,374,129 338,129 347,129 355,129 364,129"];
	Node3 -> Node4 [color=midnightblue, style=solid, pos="e,550,250 514,143 550,174 517,212 543,243"];
	Node4 -> Node5 [color=midnightblue, style=solid, pos="e,750,293 714,278 727,281 732,285 741,289"];
	Node4 -> Node6 [color=midnightblue, style=solid, pos="e,750,262 714,263 723,263 732,262 740,262"];
	Node6 -> Node7 [color=midnightblue, style=solid, pos="e,910,293 874,275 887,280 891,284 901,289"];
	Node7 -> Node8 [color=midnightblue, style=solid, pos="e,1094,289 1058,293 1067,292 1075,291 1084,290"];
	Node6 -> Node9 [color=midnightblue, style=solid, pos="e,922,225 874,247 891,240 894,234 910,229 911,229 912,229 913,228"];
	Node9 -> Node10 [color=midnightblue, style=solid, pos="e,1119,236 1046,225 1062,228 1079,230 1094,233 1099,234 1104,234 1109,235"];
	Node6 -> Node11 [color=midnightblue, style=solid, pos="e,922,261 874,261 887,261 900,261 912,261"];
	Node11 -> Node10 [color=midnightblue, style=solid, pos="e,1119,245 1046,254 1068,251 1091,249 1110,246"];
	Node11 -> Node8 [color=midnightblue, style=solid, pos="e,1094,274 1046,268 1059,270 1072,271 1084,273"];
	Node3 -> Node12 [color=midnightblue, style=solid, pos="e,550,204 514,143 537,160 528,181 543,198"];
	Node12 -> Node13 [color=midnightblue, style=solid, pos="e,751,220 714,219 723,219 732,220 741,220"];
	Node12 -> Node5 [color=midnightblue, style=solid, pos="e,750,293 714,232 737,247 728,269 743,287"];
	Node12 -> Node6 [color=midnightblue, style=solid, pos="e,750,247 714,232 727,235 732,239 741,243"];
	Node12 -> Node14 [color=midnightblue, style=solid, pos="e,761,192 714,204 731,200 734,198 750,195 750,195 751,195 751,195"];
	Node3 -> Node15 [color=midnightblue, style=solid, pos="e,583,146 514,138 534,141 555,143 574,145"];
	Node15 -> Node16 [color=midnightblue, style=solid, pos="e,763,139 681,147 703,145 730,143 754,140"];
	Node3 -> Node17 [color=midnightblue, style=solid, pos="e,555,115 514,120 524,118 535,118 545,116"];
	Node17 -> Node18 [color=midnightblue, style=solid, pos="e,761,94 709,99 724,97 738,96 752,95"];
	Node3 -> Node19 [color=midnightblue, style=solid, pos="e,555,71 514,115 534,104 530,88 546,76"];
	Node3 -> Node20 [color=midnightblue, style=solid, pos="e,555,24 514,115 546,90 520,57 547,31"];
}
