digraph "veins::TraCIScenarioManager::getPortNumber" {
	graph [rankdir=LR];
	node [label="\N", fontname=Helvetica, fontsize=10, shape=record];
	edge [fontname=Helvetica, fontsize=10, labelfontname=Helvetica, labelfontsize=10];
	graph [bb="0,0,550,97"];
	Node1 [label="veins::TraCIScenarioManager\l::getPortNumber", height="0.39", width="2.11", color=black, fillcolor=grey75, style=filled, fontcolor=black, pos="85,60", rects="9,46,162,74"];
	Node2 [label="veins::TraCIScenarioManager\lForker::getPortNumber", height="0.39", width="2.11", color=black, fillcolor=white, style=filled, URL="$classveins_1_1_tra_c_i_scenario_manager_forker.html#a9e021901fa5bc88c031c8ac5952bcdce", pos="275,83", rects="199,69,352,97"];
	Node3 [label="veins::TraCIScenarioManager\l::initialize", height="0.39", width="2.11", color=black, fillcolor=white, style=filled, URL="$classveins_1_1_tra_c_i_scenario_manager.html#a6060adf2e942f6e7343ee26091193341", pos="275,37", rects="199,23,352,51"];
	Node4 [label="veins::TraCIScenarioManager\lForker::initialize", height="0.39", width="2.11", color=black, fillcolor=white, style=filled, URL="$classveins_1_1_tra_c_i_scenario_manager_forker.html#a952e624950eb8aa1d856c850c574a4e9", pos="465,60", rects="389,46,542,74"];
	Node5 [label="veins::TraCIScenarioManager\lLaunchd::initialize", height="0.39", width="2.11", color=black, fillcolor=white, style=filled, URL="$classveins_1_1_tra_c_i_scenario_manager_launchd.html#afb429edf2aaebebc1895151be0fadbca", pos="465,14", rects="389,0,542,28"];
	Node1 -> Node2 [dir=back, color=midnightblue, style=solid, pos="s,162,69 171,70 180,72 189,72 198,74"];
	Node1 -> Node3 [dir=back, color=midnightblue, style=solid, pos="s,162,51 171,50 180,48 189,48 198,46"];
	Node3 -> Node4 [dir=back, color=midnightblue, style=solid, pos="s,352,46 361,47 370,49 379,49 388,51"];
	Node3 -> Node5 [dir=back, color=midnightblue, style=solid, pos="s,352,28 361,27 370,25 379,25 388,23"];
}
