digraph "veins::TraCIBuffer::write" {
	graph [rankdir=LR];
	node [label="\N", fontname=Helvetica, fontsize=10, shape=record];
	edge [fontname=Helvetica, fontsize=10, labelfontname=Helvetica, labelfontsize=10];
	graph [bb="0,0,390,28"];
	Node1 [label="veins::TraCIBuffer\l::write", height="0.39", width="1.42", color=black, fillcolor=grey75, style=filled, fontcolor=black, pos="59,14", rects="8,0,110,28"];
	Node2 [label="veins::TraCIBuffer\l::write", height="0.39", width="1.42", color=black, fillcolor=white, style=filled, URL="$classveins_1_1_tra_c_i_buffer.html#aa7e7eb4fc90b1047e7d960cd4ca944fa", pos="197,14", rects="146,0,248,28"];
	Node3 [label="veins::isBigEndian", height="0.22", width="1.36", color=black, fillcolor=white, style=filled, URL="$namespaceveins.html#af50368edf283a729c6096472ee299637", pos="333,14", rects="284,6,382,22"];
	Node1 -> Node2 [color=midnightblue, style=solid, pos="e,146,14 110,14 119,14 127,14 136,14"];
	Node2 -> Node3 [color=midnightblue, style=solid, pos="e,284,14 248,14 257,14 265,14 274,14"];
}
