digraph "veins::Coord::info" {
	graph [rankdir=LR];
	node [label="\N", fontname=Helvetica, fontsize=10, shape=record];
	edge [fontname=Helvetica, fontsize=10, labelfontname=Helvetica, labelfontsize=10];
	graph [bb="0,0,896,364"];
	Node1 [label="veins::Coord::info", height="0.22", width="1.28", color=black, fillcolor=grey75, style=filled, fontcolor=black, pos="54,178", rects="8,170,100,186"];
	Node2 [label="veins::BaseMobility\l::checkIfOutside", height="0.39", width="1.42", color=black, fillcolor=white, style=filled, URL="$classveins_1_1_base_mobility.html#ab69f42caa7932524bf470f0799b4aac7", tooltip="Checks whether the host is outside the playground and returns where. ", pos="217,244", rects="166,230,269,258"];
	Node3 [label="veins::BaseMobility\l::handleIfOutside", height="0.39", width="1.42", color=black, fillcolor=white, style=filled, URL="$classveins_1_1_base_mobility.html#aae36006995d117a723134cbe1fee5e90", tooltip="Main border handling function. ", pos="386,266", rects="335,252,438,280"];
	Node4 [label="veins::LinearMobility\l::fixIfHostGetsOutside", height="0.39", width="1.64", color=black, fillcolor=white, style=filled, URL="$classveins_1_1_linear_mobility.html#a506fdc3882892c0fc4427df73736010e", tooltip="Should be redefined in subclasses. ", pos="533,312", rects="474,298,592,326"];
	Node5 [label="veins::LinearMobility\l::makeMove", height="0.39", width="1.56", color=black, fillcolor=white, style=filled, URL="$classveins_1_1_linear_mobility.html#af310806b2b41572de1428e56474bba56", tooltip="Move the host. ", pos="685,312", rects="629,298,742,326"];
	Node6 [label="veins::TraCIMobility\l::fixIfHostGetsOutside", height="0.39", width="1.64", color=black, fillcolor=white, style=filled, URL="$classveins_1_1_tra_c_i_mobility.html#a4fa20054882e4a7fb5b03a13576311c3", tooltip="called after each read to check for (and handle) invalid positions ", pos="533,266", rects="474,252,592,280"];
	Node7 [label="veins::TraCIMobility\l::changePosition", height="0.39", width="1.50", color=black, fillcolor=white, style=filled, URL="$classveins_1_1_tra_c_i_mobility.html#a3137899bb330551c9823c40b4ed8b8fc", pos="685,226", rects="631,212,740,240"];
	Node8 [label="veins::TraCIMobility\l::nextPosition", height="0.39", width="1.50", color=black, fillcolor=white, style=filled, URL="$classveins_1_1_tra_c_i_mobility.html#ae53642be0d88b9f146cf55a5d990f1a2", pos="833,226", rects="779,212,888,240"];
	Node9 [label="veins::BaseMobility\l::goToBorder", height="0.39", width="1.42", color=black, fillcolor=white, style=filled, URL="$classveins_1_1_base_mobility.html#a3bf65a049293dc4c7043554c04555bdc", tooltip="calculate the step to reach the border ", pos="217,198", rects="166,184,269,212"];
	Node10 [label="veins::BaseMobility\l::handleBorderMsg", height="0.39", width="1.42", color=black, fillcolor=white, style=filled, URL="$classveins_1_1_base_mobility.html#a1cd10753592e8eeb018d8f774ce862c6", tooltip="Called upon arrival of a border messages. ", pos="533,98", rects="482,84,585,112"];
	Node11 [label="veins::BaseMobility\l::handleMessage", height="0.39", width="1.42", color=black, fillcolor=white, style=filled, URL="$classveins_1_1_base_mobility.html#a64b618ee6a35eaebfcfba7d9266be4c8", tooltip="This modules should only receive self-messages. ", pos="685,121", rects="634,107,737,135"];
	Node12 [label="veins::Move::info", height="0.22", width="1.25", color=black, fillcolor=white, style=filled, URL="$classveins_1_1_move.html#a5e3e35e64d79753f3c28dab4a5660c49", tooltip="Returns information about the current state. ", pos="217,158", rects="172,150,262,166"];
	Node13 [label="veins::BaseMobility\l::updatePosition", height="0.39", width="1.42", color=black, fillcolor=white, style=filled, URL="$classveins_1_1_base_mobility.html#a291eed23c07d4693a5fa4164aa80934e", tooltip="Update the position information for this node. ", pos="386,174", rects="335,160,438,188"];
	Node14 [label="veins::BaseMobility\l::handleSelfMsg", height="0.39", width="1.42", color=black, fillcolor=white, style=filled, URL="$classveins_1_1_base_mobility.html#a70b2b357a4cef14850cd4edd440a13a7", tooltip="Called upon arrival of a self messages. ", pos="533,144", rects="482,130,585,158"];
	Node15 [label="veins::BaseMobility\l::initialize", height="0.39", width="1.42", color=black, fillcolor=white, style=filled, URL="$classveins_1_1_base_mobility.html#ac865e9d430a27e6a3076c0d9293fef35", tooltip="Initializes mobility model parameters. ", pos="533,52", rects="482,38,585,66"];
	Node16 [label="veins::LinearMobility\l::initialize", height="0.39", width="1.56", color=black, fillcolor=white, style=filled, URL="$classveins_1_1_linear_mobility.html#ac94ebc62ac059949810368634398004b", tooltip="Initializes mobility model parameters. ", pos="685,18", rects="629,4,742,32"];
	Node17 [label="veins::TraCIMobility\l::initialize", height="0.39", width="1.50", color=black, fillcolor=white, style=filled, URL="$classveins_1_1_tra_c_i_mobility.html#a9945ece48d11a01a7973f991b467e848", pos="685,64", rects="631,50,740,78"];
	Node18 [label="veins::BaseConnectionManager\l::initialize", height="0.39", width="2.22", color=black, fillcolor=white, style=filled, URL="$classveins_1_1_base_connection_manager.html#a084bb7d054e50e3d276da4ce0b7bb5b0", tooltip="Reads init parameters and calculates a maximal interference distance. ", pos="217,14", rects="137,0,298,28"];
	Node1 -> Node2 [dir=back, color=midnightblue, style=solid, pos="s,101,186 109,192 121,203 118,219 136,230 145,235 155,238 165,240"];
	Node2 -> Node3 [dir=back, color=midnightblue, style=solid, pos="s,269,251 278,252 297,255 317,257 334,259"];
	Node3 -> Node4 [dir=back, color=midnightblue, style=solid, pos="s,438,280 447,283 457,288 461,292 474,298"];
	Node4 -> Node5 [dir=back, color=midnightblue, style=solid, pos="s,592,312 602,312 611,312 619,312 628,312"];
	Node3 -> Node6 [dir=back, color=midnightblue, style=solid, pos="s,438,266 448,266 457,266 465,266 474,266"];
	Node6 -> Node7 [dir=back, color=midnightblue, style=solid, pos="s,592,252 600,249 611,246 615,243 628,240 629,240 630,240 630,239"];
	Node7 -> Node8 [dir=back, color=midnightblue, style=solid, pos="s,740,226 750,226 759,226 769,226 778,226"];
	Node1 -> Node9 [dir=back, color=midnightblue, style=solid, pos="s,100,184 108,185 127,188 147,189 165,192"];
	Node9 -> Node3 [dir=back, color=midnightblue, style=solid, pos="s,269,201 278,204 285,206 292,208 298,212 319,223 314,239 334,252"];
	Node1 -> Node10 [dir=back, color=midnightblue, style=solid, pos="s,80,170 89,168 94,167 100,165 108,161 122,155 122,147 136,141 254,96 404,93 481,95"];
	Node10 -> Node11 [dir=back, color=midnightblue, style=solid, pos="s,585,106 594,107 607,109 621,111 633,113"];
	Node1 -> Node3 [dir=back, color=midnightblue, style=solid, pos="s,78,186 86,189 93,192 98,195 100,197 126,220 107,248 136,267 168,286 271,279 334,272"];
	Node1 -> Node12 [dir=back, color=midnightblue, style=solid, pos="s,100,171 109,170 118,168 127,168 136,166 148,165 160,163 172,162"];
	Node12 -> Node10 [dir=back, color=midnightblue, style=solid, pos="s,262,155 271,154 280,153 290,152 298,150 381,137 400,126 481,108"];
	Node12 -> Node13 [dir=back, color=midnightblue, style=solid, pos="s,262,162 270,163 291,165 314,167 334,169"];
	Node13 -> Node7 [dir=back, color=midnightblue, style=solid, pos="s,438,183 447,184 500,194 578,208 630,217"];
	Node13 -> Node10 [dir=back, color=midnightblue, style=solid, pos="s,438,160 446,154 459,141 455,125 474,112 476,111 479,109 481,108"];
	Node13 -> Node14 [dir=back, color=midnightblue, style=solid, pos="s,438,163 447,161 458,159 470,157 481,155"];
	Node14 -> Node11 [dir=back, color=midnightblue, style=solid, pos="s,585,136 594,135 607,133 621,131 633,129"];
	Node13 -> Node15 [dir=back, color=midnightblue, style=solid, pos="s,438,160 444,154 468,126 443,94 474,66 476,64 479,63 481,61"];
	Node15 -> Node16 [dir=back, color=midnightblue, style=solid, pos="s,585,40 594,38 605,36 617,33 628,31"];
	Node15 -> Node17 [dir=back, color=midnightblue, style=solid, pos="s,585,56 593,57 606,58 619,59 630,60"];
	Node12 -> Node5 [dir=back, color=midnightblue, style=solid, pos="s,262,164 271,166 280,168 290,170 298,174 316,181 317,190 334,197 389,218 544,211 592,243 617,258 605,280 628,297 628,297 629,29\
8 629,298"];
	Node1 -> Node15 [dir=back, color=midnightblue, style=solid, pos="s,73,170 81,168 94,165 103,164 116,151 125,143 128,141 132,129 137,118 128,110 136,101 184,54 385,50 481,51"];
	Node1 -> Node18 [dir=back, color=midnightblue, style=solid, pos="s,100,170 107,163 142,120 91,71 136,28"];
	Node1 -> Node5 [dir=back, color=midnightblue, style=solid, pos="s,82,186 90,191 94,193 97,196 100,199 108,206 128,278 136,285 217,347 491,347 592,335 609,332 612,329 628,326"];
}
