digraph "veins::MobileHostObstacle::getLength" {
	graph [rankdir=LR];
	node [label="\N", fontname=Helvetica, fontsize=10, shape=record];
	edge [fontname=Helvetica, fontsize=10, labelfontname=Helvetica, labelfontsize=10];
	graph [bb="0,0,496,74"];
	Node1 [label="veins::MobileHostObstacle\l::getLength", height="0.39", width="1.89", color=black, fillcolor=grey75, style=filled, fontcolor=black, pos="76,37", rects="8,23,144,51"];
	Node2 [label="veins::MobileHostObstacle\l::getShape", height="0.39", width="1.89", color=black, fillcolor=white, style=filled, URL="$classveins_1_1_mobile_host_obstacle.html#a8df004155dfcd958252947c517d7d985", pos="248,60", rects="180,46,316,74"];
	Node3 [label="veins::MobileHostObstacle\l::getIntersectionPoint", height="0.39", width="1.89", color=black, fillcolor=white, style=filled, URL="$classveins_1_1_mobile_host_obstacle.html#a97a8fa2ba85ea3dd7a84c7e89ad6e74e", tooltip="return closest point (in meters) along (senderPos–receiverPos) where this obstacle overlaps...", pos="420,60", rects="352,46,488,74"];
	Node4 [label="veins::MobileHostObstacle\l::maybeInBounds", height="0.39", width="1.89", color=black, fillcolor=white, style=filled, URL="$classveins_1_1_mobile_host_obstacle.html#a643935072d0f41cf30ec017ec438699f", pos="248,14", rects="180,0,316,28"];
	Node1 -> Node2 [dir=back, color=midnightblue, style=solid, pos="s,144,46 153,47 162,49 171,49 180,51"];
	Node2 -> Node3 [dir=back, color=midnightblue, style=solid, pos="s,316,60 326,60 335,60 343,60 352,60"];
	Node1 -> Node4 [dir=back, color=midnightblue, style=solid, pos="s,144,28 153,27 162,25 171,25 180,23"];
}
