digraph "veins::BaseModule::findHost" {
	graph [rankdir=LR];
	node [label="\N", fontname=Helvetica, fontsize=10, shape=record];
	edge [fontname=Helvetica, fontsize=10, labelfontname=Helvetica, labelfontsize=10];
	graph [bb="0,0,950,502"];
	Node1 [label="veins::BaseModule::\lfindHost", height="0.39", width="1.42", color=black, fillcolor=grey75, style=filled, fontcolor=black, pos="59,265", rects="8,251,110,279"];
	Node2 [label="veins::TraCIDemo11p\l::handlePositionUpdate", height="0.39", width="1.67", color=black, fillcolor=white, style=filled, URL="$classveins_1_1_tra_c_i_demo11p.html#aae2d2ce4ddead5bf4fdacf8fe00ba7e8", tooltip="this function is called every time the vehicle receives a position update signal ", pos="219,488", rects="159,474,279,502"];
	Node3 [label="veins::DemoBaseApplLayer\l::initialize", height="0.39", width="2.00", color=black, fillcolor=white, style=filled, URL="$classveins_1_1_demo_base_appl_layer.html#acca47f0d4a756e78ca29d2e4271af396", pos="723,387", rects="651,373,796,401"];
	Node4 [label="veins::MyVeinsApp::\linitialize", height="0.39", width="1.50", color=black, fillcolor=white, style=filled, URL="$classveins_1_1_my_veins_app.html#a73f5b68ba9bb4b66b2a3fecf875be114", pos="887,410", rects="833,396,942,424"];
	Node5 [label="veins::TraCIDemo11p\l::initialize", height="0.39", width="1.53", color=black, fillcolor=white, style=filled, URL="$classveins_1_1_tra_c_i_demo11p.html#ac52eef213e4579f7d5f671385b506b78", pos="887,364", rects="832,350,942,378"];
	Node6 [label="veins::BaseMacLayer\l::initialize", height="0.39", width="1.56", color=black, fillcolor=white, style=filled, URL="$classveins_1_1_base_mac_layer.html#a689fa06067e9df73c7fa19512fe91117", tooltip="Initialization of the module and some variables. ", pos="556,450", rects="500,436,612,464"];
	Node7 [label="veins::Mac1609_4::initialize", height="0.22", width="1.89", color=black, fillcolor=white, style=filled, URL="$classveins_1_1_mac1609__4.html#a8d43b34c9fb0b918e447343e5fc344d4", tooltip="States of the channel selecting operation. ", pos="723,450", rects="655,442,792,458"];
	Node8 [label="veins::BaseModule::\linitialize", height="0.39", width="1.42", color=black, fillcolor=white, style=filled, URL="$classveins_1_1_base_module.html#a66e943d61eb3d43e5a999ccbaf010fd9", tooltip="Basic initialization for all modules. ", pos="219,366", rects="168,352,270,380"];
	Node9 [label="veins::BaseLayer::initialize", height="0.22", width="1.86", color=black, fillcolor=white, style=filled, URL="$classveins_1_1_base_layer.html#a5619505dba58f2669af33f9e23f6f1ad", tooltip="Initialization of the module and some variables. ", pos="395,366", rects="328,358,462,374"];
	Node10 [label="veins::BaseApplLayer\l::initialize", height="0.39", width="1.58", color=black, fillcolor=white, style=filled, URL="$classveins_1_1_base_appl_layer.html#a709299823ec0e1a8055407ceb765f7f8", tooltip="Initialization of the module and some variables. ", pos="556,366", rects="499,352,614,380"];
	Node11 [label="veins::BaseMobility\l::initialize", height="0.39", width="1.42", color=black, fillcolor=white, style=filled, URL="$classveins_1_1_base_mobility.html#ac865e9d430a27e6a3076c0d9293fef35", tooltip="Initializes mobility model parameters. ", pos="395,276", rects="344,262,447,290"];
	Node12 [label="veins::LinearMobility\l::initialize", height="0.39", width="1.56", color=black, fillcolor=white, style=filled, URL="$classveins_1_1_linear_mobility.html#ac94ebc62ac059949810368634398004b", tooltip="Initializes mobility model parameters. ", pos="556,228", rects="500,214,613,242"];
	Node13 [label="veins::TraCIMobility\l::initialize", height="0.39", width="1.50", color=black, fillcolor=white, style=filled, URL="$classveins_1_1_tra_c_i_mobility.html#a9945ece48d11a01a7973f991b467e848", pos="556,274", rects="502,260,611,288"];
	Node14 [label="veins::ChannelAccess\l::initialize", height="0.39", width="1.56", color=black, fillcolor=white, style=filled, URL="$classveins_1_1_channel_access.html#a70e63408397b7f7a8e00054355905d96", tooltip="Register with ConnectionManager. ", pos="395,324", rects="339,310,451,338"];
	Node15 [label="veins::BasePhyLayer\l::initialize", height="0.39", width="1.53", color=black, fillcolor=white, style=filled, URL="$classveins_1_1_base_phy_layer.html#a63e95c45ba5f46514ed9027c53216491", tooltip="Initialize members and associated objects according to parameterization. ", pos="556,320", rects="501,306,611,334"];
	Node16 [label="veins::PhyLayer80211p\l::initialize", height="0.39", width="1.61", color=black, fillcolor=white, style=filled, URL="$classveins_1_1_phy_layer80211p.html#abdd1c62986d1fd220eb5e51d4458811a", pos="723,320", rects="665,306,782,334"];
	Node17 [label="veins::PhyLayer80211p\l::initializeDecider80211p", height="0.39", width="1.67", color=black, fillcolor=white, style=filled, URL="$classveins_1_1_phy_layer80211p.html#ae62c1c399fe19bde81152c617fc5a38b", tooltip="Initializes a new Decider80211 from the passed parameter map. ", pos="219,244", rects="159,230,280,258"];
	Node18 [label="veins::PhyLayer80211p\l::getDeciderFromName", height="0.39", width="1.69", color=black, fillcolor=white, style=filled, URL="$classveins_1_1_phy_layer80211p.html#a2c50b013088841608612b0a7c8b92799", tooltip="Creates and returns an instance of the Decider with the specified name. ", pos="395,230", rects="334,216,457,244"];
	Node19 [label="veins::BaseModule::\llogName", height="0.39", width="1.42", color=black, fillcolor=white, style=filled, URL="$classveins_1_1_base_module.html#a662d45fd2e3edf53d40e84b98f4dc885", tooltip="Function to get the logging name of the host. ", pos="219,198", rects="168,184,270,212"];
	Node20 [label="veins::TraCIDemo11p\l::onWSM", height="0.39", width="1.53", color=black, fillcolor=white, style=filled, URL="$classveins_1_1_tra_c_i_demo11p.html#a3014dadc6ab101fa734eeb151df3567f", tooltip="this function is called upon receiving a BaseFrame1609_4 ", pos="219,152", rects="164,138,274,166"];
	Node21 [label="veins::BatteryAccess\l::registerWithBattery", height="0.39", width="1.53", color=black, fillcolor=white, style=filled, URL="$classveins_1_1_battery_access.html#a2286e83003b2919cbb496260a5b0d009", tooltip="Registers this module as a device with the battery module. ", pos="219,106", rects="164,92,274,120"];
	Node22 [label="veins::BaseMobility\l::updatePosition", height="0.39", width="1.42", color=black, fillcolor=white, style=filled, URL="$classveins_1_1_base_mobility.html#a291eed23c07d4693a5fa4164aa80934e", tooltip="Update the position information for this node. ", pos="219,60", rects="168,46,271,74"];
	Node23 [label="veins::TraCIMobility\l::changePosition", height="0.39", width="1.50", color=black, fillcolor=white, style=filled, URL="$classveins_1_1_tra_c_i_mobility.html#a3137899bb330551c9823c40b4ed8b8fc", pos="395,106", rects="341,92,450,120"];
	Node24 [label="veins::TraCIMobility\l::nextPosition", height="0.39", width="1.50", color=black, fillcolor=white, style=filled, URL="$classveins_1_1_tra_c_i_mobility.html#ae53642be0d88b9f146cf55a5d990f1a2", pos="556,106", rects="502,92,611,120"];
	Node25 [label="veins::BaseMobility\l::handleBorderMsg", height="0.39", width="1.42", color=black, fillcolor=white, style=filled, URL="$classveins_1_1_base_mobility.html#a1cd10753592e8eeb018d8f774ce862c6", tooltip="Called upon arrival of a border messages. ", pos="395,14", rects="344,0,447,28"];
	Node26 [label="veins::BaseMobility\l::handleMessage", height="0.39", width="1.42", color=black, fillcolor=white, style=filled, URL="$classveins_1_1_base_mobility.html#a64b618ee6a35eaebfcfba7d9266be4c8", tooltip="This modules should only receive self-messages. ", pos="556,37", rects="505,23,608,51"];
	Node27 [label="veins::BaseMobility\l::handleSelfMsg", height="0.39", width="1.42", color=black, fillcolor=white, style=filled, URL="$classveins_1_1_base_mobility.html#a70b2b357a4cef14850cd4edd440a13a7", tooltip="Called upon arrival of a self messages. ", pos="395,60", rects="344,46,447,74"];
	Node28 [label="veins::DemoBaseApplLayer\l::~DemoBaseApplLayer", height="0.39", width="2.00", color=black, fillcolor=white, style=filled, URL="$classveins_1_1_demo_base_appl_layer.html#a24a3ca57d2273f653f1070c317be1df8", pos="219,14", rects="147,0,292,28"];
	Node1 -> Node2 [dir=back, color=midnightblue, style=solid, pos="s,110,279 116,286 164,348 86,413 146,474 150,478 154,480 159,483"];
	Node1 -> Node3 [dir=back, color=midnightblue, style=solid, pos="s,78,279 87,282 97,285 106,285 118,297 139,316 137,328 142,357 144,364 141,384 146,389 184,421 504,403 650,392"];
	Node3 -> Node4 [dir=back, color=midnightblue, style=solid, pos="s,796,397 804,398 814,399 823,400 832,402"];
	Node3 -> Node5 [dir=back, color=midnightblue, style=solid, pos="s,796,377 805,376 814,374 823,374 832,372"];
	Node1 -> Node6 [dir=back, color=midnightblue, style=solid, pos="s,70,279 79,282 90,285 98,280 110,288 118,292 118,295 122,303 133,320 138,324 142,345 144,353 140,415 146,422 195,471 399,462 50\
0,455"];
	Node6 -> Node7 [dir=back, color=midnightblue, style=solid, pos="s,612,450 621,450 632,450 643,450 654,450"];
	Node1 -> Node8 [dir=back, color=midnightblue, style=solid, pos="s,110,279 116,285 135,307 121,332 146,352 152,357 160,360 168,362"];
	Node8 -> Node9 [dir=back, color=midnightblue, style=solid, pos="s,270,366 280,366 295,366 312,366 328,366"];
	Node9 -> Node10 [dir=back, color=midnightblue, style=solid, pos="s,462,366 471,366 480,366 490,366 498,366"];
	Node10 -> Node3 [dir=back, color=midnightblue, style=solid, pos="s,614,373 623,374 632,375 641,376 650,378"];
	Node9 -> Node6 [dir=back, color=midnightblue, style=solid, pos="s,462,374 469,380 486,396 476,418 498,436 499,436 499,437 500,437"];
	Node8 -> Node11 [dir=back, color=midnightblue, style=solid, pos="s,270,362 279,359 284,358 288,355 292,352 318,333 303,308 328,290 333,287 338,284 343,282"];
	Node11 -> Node12 [dir=back, color=midnightblue, style=solid, pos="s,447,267 456,265 458,264 460,263 462,262 480,256 481,249 498,242 498,242 499,242 499,241"];
	Node11 -> Node13 [dir=back, color=midnightblue, style=solid, pos="s,447,275 457,275 471,275 487,275 501,275"];
	Node8 -> Node14 [dir=back, color=midnightblue, style=solid, pos="s,270,357 278,356 283,355 288,353 292,352 309,347 312,342 328,338 332,337 335,336 339,335"];
	Node14 -> Node15 [dir=back, color=midnightblue, style=solid, pos="s,451,323 460,323 473,322 488,322 501,321"];
	Node15 -> Node16 [dir=back, color=midnightblue, style=solid, pos="s,611,320 621,320 635,320 650,320 664,320"];
	Node1 -> Node14 [dir=back, color=midnightblue, style=solid, pos="s,110,278 119,280 128,282 137,284 146,286 212,299 288,310 339,317"];
	Node1 -> Node11 [dir=back, color=midnightblue, style=solid, pos="s,110,267 118,267 182,269 283,272 343,274"];
	Node1 -> Node17 [dir=back, color=midnightblue, style=solid, pos="s,110,258 119,257 131,255 145,254 158,252"];
	Node17 -> Node18 [dir=back, color=midnightblue, style=solid, pos="s,280,239 290,238 304,237 319,236 333,235"];
	Node1 -> Node19 [dir=back, color=midnightblue, style=solid, pos="s,110,251 118,246 130,235 129,222 146,212 153,208 160,206 168,204"];
	Node1 -> Node20 [dir=back, color=midnightblue, style=solid, pos="s,110,251 116,244 137,219 118,190 146,166 151,162 157,159 164,157"];
	Node1 -> Node21 [dir=back, color=midnightblue, style=solid, pos="s,110,251 117,243 147,203 105,159 146,120 151,115 157,112 164,110"];
	Node1 -> Node22 [dir=back, color=midnightblue, style=solid, pos="s,110,251 116,243 159,188 91,129 146,74 152,68 159,65 167,62"];
	Node22 -> Node23 [dir=back, color=midnightblue, style=solid, pos="s,271,68 280,70 284,72 288,73 292,74 309,80 312,87 328,92 332,93 336,95 340,96"];
	Node23 -> Node24 [dir=back, color=midnightblue, style=solid, pos="s,450,106 460,106 473,106 488,106 501,106"];
	Node22 -> Node25 [dir=back, color=midnightblue, style=solid, pos="s,271,52 280,50 284,48 288,47 292,46 309,41 312,34 328,28 333,26 338,25 343,24"];
	Node25 -> Node26 [dir=back, color=midnightblue, style=solid, pos="s,447,21 456,22 471,25 489,27 504,29"];
	Node22 -> Node27 [dir=back, color=midnightblue, style=solid, pos="s,271,60 281,60 301,60 324,60 343,60"];
	Node27 -> Node26 [dir=back, color=midnightblue, style=solid, pos="s,447,53 456,52 471,49 489,47 504,45"];
	Node22 -> Node11 [dir=back, color=midnightblue, style=solid, pos="s,271,62 279,65 284,67 288,70 292,74 353,135 269,202 328,262 332,266 338,269 343,271"];
	Node1 -> Node28 [dir=back, color=midnightblue, style=solid, pos="s,110,251 117,243 171,172 79,98 146,28"];
}
