digraph "veins::MacToNetwControlInfo::getAddressFromControlInfo" {
	graph [rankdir=LR];
	node [label="\N", fontname=Helvetica, fontsize=10, shape=record];
	edge [fontname=Helvetica, fontsize=10, labelfontname=Helvetica, labelfontsize=10];
	graph [bb="0,0,372,62"];
	Node1 [label="veins::MacToNetwControlInfo\l::getAddressFromControlInfo", height="0.39", width="2.22", color=black, fillcolor=grey75, style=filled, fontcolor=black, pos="88,28", rects="8,14,168,42"];
	Node2 [label="veins::MacToNetwControlInfo\l::getLastHopMac", height="0.39", width="2.22", color=black, fillcolor=white, style=filled, URL="$classveins_1_1_mac_to_netw_control_info.html#af3bb86ddf5bbbb387640c7a8676c9643", tooltip="Returns the MAC address of the packets last hop. ", pos="284,48", rects="204,34,364,62"];
	Node3 [label="veins::LAddress::L2NULL", height="0.22", width="1.89", color=black, fillcolor=white, style=filled, URL="$classveins_1_1_l_address.html#aa4c72481eb930988da1272c5867ff401", tooltip="NULL address for L2 addresses. ", pos="284,8", rects="216,0,352,16"];
	Node1 -> Node2 [color=midnightblue, style=solid, pos="e,204,40 168,36 177,37 185,38 194,39"];
	Node1 -> Node3 [color=midnightblue, style=solid, pos="e,216,15 168,20 180,18 192,17 204,16 205,16 205,16 206,16"];
}
