digraph "veins::BaseLayer::recordPacket" {
	graph [rankdir=LR];
	node [label="\N", fontname=Helvetica, fontsize=10, shape=record];
	edge [fontname=Helvetica, fontsize=10, labelfontname=Helvetica, labelfontsize=10];
	graph [bb="0,0,870,369"];
	Node1 [label="veins::BaseLayer::record\lPacket", height="0.39", width="1.72", color=black, fillcolor=grey75, style=filled, fontcolor=black, pos="70,261", rects="8,247,132,275"];
	Node2 [label="veins::BaseLayer::handle\lMessage", height="0.39", width="1.75", color=black, fillcolor=white, style=filled, URL="$classveins_1_1_base_layer.html#a898e1733d0a0866ec884b6e950385fc6", tooltip="Called every time a message arrives. ", pos="260,355", rects="197,341,323,369"];
	Node3 [label="veins::BaseLayer::sendControlDown", height="0.22", width="2.53", color=black, fillcolor=white, style=filled, URL="$classveins_1_1_base_layer.html#a6d01a0f56978740d7617c2e338858cc3", tooltip="Sends a control message to a lower layer. ", pos="260,315", rects="169,307,352,323"];
	Node4 [label="veins::BaseLayer::sendControlUp", height="0.22", width="2.33", color=black, fillcolor=white, style=filled, URL="$classveins_1_1_base_layer.html#aa1190a06fb4dfb15d8ff001468335dc8", tooltip="Sends a control message to an upper layer. ", pos="260,281", rects="176,273,344,289"];
	Node5 [label="veins::BaseMacLayer\l::handleLowerControl", height="0.39", width="1.58", color=black, fillcolor=white, style=filled, URL="$classveins_1_1_base_mac_layer.html#a5558c9ff946caf311858ee446259e73c", tooltip="Handle control messages from lower layer. ", pos="461,290", rects="404,276,519,304"];
	Node6 [label="veins::BaseApplLayer\l::sendDelayedDown", height="0.39", width="1.58", color=black, fillcolor=white, style=filled, URL="$classveins_1_1_base_appl_layer.html#a08d91ffcf2598556db4dd3ba845e4979", tooltip="Sends a message delayed to the lower layer. ", pos="260,241", rects="203,227,318,255"];
	Node7 [label="veins::DemoBaseApplLayer\l::sendDelayedDown", height="0.39", width="2.00", color=black, fillcolor=white, style=filled, URL="$classveins_1_1_demo_base_appl_layer.html#ac649666b5e8cb94740dd8a4588776e27", tooltip="overloaded for error handling and stats recording purposes ", pos="461,244", rects="389,230,534,258"];
	Node8 [label="veins::TraCIDemoRSU11p\l::onWSM", height="0.39", width="1.86", color=black, fillcolor=white, style=filled, URL="$classveins_1_1_tra_c_i_demo_r_s_u11p.html#a55d725edd6bedb4730afa73d734d6e74", tooltip="this function is called upon receiving a BaseFrame1609_4 ", pos="643,244", rects="576,230,710,258"];
	Node9 [label="veins::BaseLayer::sendDown", height="0.22", width="2.03", color=black, fillcolor=white, style=filled, URL="$classveins_1_1_base_layer.html#a1873d6e3fc6d92cf8482b39f1c5ac6c8", tooltip="Sends a message to the lower layer. ", pos="260,198", rects="187,190,333,206"];
	Node10 [label="veins::BaseMacLayer\l::handleUpperMsg", height="0.39", width="1.56", color=black, fillcolor=white, style=filled, URL="$classveins_1_1_base_mac_layer.html#a00e3c0935a4e53b889a1c32848f1fed0", tooltip="Handle messages comming from the network layer. ", pos="461,198", rects="405,184,517,212"];
	Node11 [label="veins::DemoBaseApplLayer\l::sendDown", height="0.39", width="2.00", color=black, fillcolor=white, style=filled, URL="$classveins_1_1_demo_base_appl_layer.html#ac473178d13013063c13943d343a672f4", tooltip="overloaded for error handling and stats recording purposes ", pos="461,152", rects="389,138,534,166"];
	Node12 [label="veins::DemoBaseApplLayer\l::handleSelfMsg", height="0.39", width="2.00", color=black, fillcolor=white, style=filled, URL="$classveins_1_1_demo_base_appl_layer.html#aec3c66232b9ca518c76021c8f2f1dc40", tooltip="handle self messages ", pos="643,194", rects="571,180,716,208"];
	Node13 [label="veins::MyVeinsApp::\lhandleSelfMsg", height="0.39", width="1.50", color=black, fillcolor=white, style=filled, URL="$classveins_1_1_my_veins_app.html#aa3e39be56f1316a986b039fc4e2002df", tooltip="handle self messages ", pos="807,198", rects="753,184,862,212"];
	Node14 [label="veins::TraCIDemo11p\l::handleSelfMsg", height="0.39", width="1.53", color=black, fillcolor=white, style=filled, URL="$classveins_1_1_tra_c_i_demo11p.html#a3ee2d9b315e56cddbedbc6bdcf8ddd00", tooltip="handle self messages ", pos="807,152", rects="752,138,862,166"];
	Node15 [label="veins::TraCIDemo11p\l::handlePositionUpdate", height="0.39", width="1.67", color=black, fillcolor=white, style=filled, URL="$classveins_1_1_tra_c_i_demo11p.html#aae2d2ce4ddead5bf4fdacf8fe00ba7e8", tooltip="this function is called every time the vehicle receives a position update signal ", pos="643,110", rects="583,96,703,124"];
	Node16 [label="veins::BaseLayer::sendUp", height="0.22", width="1.81", color=black, fillcolor=white, style=filled, URL="$classveins_1_1_base_layer.html#adbf061566606041db811b519f0400ed5", tooltip="Sends a message to the upper layer. ", pos="260,83", rects="195,75,326,91"];
	Node17 [label="veins::BaseMacLayer\l::handleLowerMsg", height="0.39", width="1.56", color=black, fillcolor=white, style=filled, URL="$classveins_1_1_base_mac_layer.html#a65b38b9b47cec29bd5be9613271585c3", tooltip="If message arrives from lower layer, check whether it is for us. ", pos="461,106", rects="405,92,517,120"];
	Node18 [label="veins::Mac1609_4::handle\lBroadcast", height="0.39", width="1.78", color=black, fillcolor=white, style=filled, URL="$classveins_1_1_mac1609__4.html#a896415761013bb53765f7bf4097f6639", tooltip="Handle received broadcast. ", pos="461,60", rects="397,46,526,74"];
	Node19 [label="veins::Mac1609_4::handle\lLowerMsg", height="0.39", width="1.78", color=black, fillcolor=white, style=filled, URL="$classveins_1_1_mac1609__4.html#aa33e88d786741d77a486617749ddf6d0", tooltip="Handle messages from lower layer. ", pos="643,37", rects="579,23,708,51"];
	Node20 [label="veins::Mac1609_4::handle\lUnicast", height="0.39", width="1.78", color=black, fillcolor=white, style=filled, URL="$classveins_1_1_mac1609__4.html#ab30f200fd2432b7b98653e7892f6ebd9", pos="461,14", rects="397,0,526,28"];
	Node1 -> Node2 [dir=back, color=midnightblue, style=solid, pos="s,132,275 139,281 156,300 144,323 168,341 176,347 186,351 197,353"];
	Node1 -> Node3 [dir=back, color=midnightblue, style=solid, pos="s,132,275 140,280 152,288 152,299 168,307"];
	Node1 -> Node4 [dir=back, color=midnightblue, style=solid, pos="s,132,269 141,270 150,271 159,272 168,273 171,273 173,274 176,274"];
	Node4 -> Node5 [dir=back, color=midnightblue, style=solid, pos="s,344,285 353,285 370,286 388,287 403,287"];
	Node1 -> Node6 [dir=back, color=midnightblue, style=solid, pos="s,132,254 141,253 161,251 183,249 202,247"];
	Node6 -> Node7 [dir=back, color=midnightblue, style=solid, pos="s,318,242 328,242 347,242 368,243 388,243"];
	Node7 -> Node8 [dir=back, color=midnightblue, style=solid, pos="s,534,244 543,244 554,244 565,244 576,244"];
	Node1 -> Node9 [dir=back, color=midnightblue, style=solid, pos="s,132,247 139,242 152,229 150,215 168,206 174,203 180,201 187,199"];
	Node9 -> Node10 [dir=back, color=midnightblue, style=solid, pos="s,333,198 342,198 363,198 386,198 405,198"];
	Node9 -> Node11 [dir=back, color=midnightblue, style=solid, pos="s,333,195 341,193 345,192 348,191 352,190 371,183 371,173 388,166"];
	Node11 -> Node12 [dir=back, color=midnightblue, style=solid, pos="s,534,166 543,169 553,172 557,176 570,180"];
	Node12 -> Node13 [dir=back, color=midnightblue, style=solid, pos="s,716,196 725,196 734,196 744,197 752,197"];
	Node12 -> Node14 [dir=back, color=midnightblue, style=solid, pos="s,716,180 725,177 735,173 739,170 752,166"];
	Node11 -> Node14 [dir=back, color=midnightblue, style=solid, pos="s,534,152 544,152 608,152 696,152 752,152"];
	Node11 -> Node15 [dir=back, color=midnightblue, style=solid, pos="s,534,138 543,135 553,131 557,127 570,124 574,123 578,122 583,120"];
	Node1 -> Node16 [dir=back, color=midnightblue, style=solid, pos="s,132,247 138,240 177,191 117,135 168,91 175,85 184,81 194,79"];
	Node16 -> Node17 [dir=back, color=midnightblue, style=solid, pos="s,326,89 334,89 340,90 346,90 352,91 369,93 388,96 405,98"];
	Node16 -> Node18 [dir=back, color=midnightblue, style=solid, pos="s,326,78 334,77 340,76 346,76 352,75 366,74 382,72 396,70"];
	Node18 -> Node19 [dir=back, color=midnightblue, style=solid, pos="s,526,52 535,51 549,49 564,47 578,45"];
	Node16 -> Node20 [dir=back, color=midnightblue, style=solid, pos="s,326,84 335,82 341,80 347,78 352,75 376,63 366,42 388,28 391,26 393,25 396,24"];
	Node20 -> Node19 [dir=back, color=midnightblue, style=solid, pos="s,526,22 535,23 549,25 564,27 578,29"];
}
