digraph "veins::Coord::distance" {
	graph [rankdir=LR];
	node [label="\N", fontname=Helvetica, fontsize=10, shape=record];
	edge [fontname=Helvetica, fontsize=10, labelfontname=Helvetica, labelfontsize=10];
	graph [bb="0,0,1016,434"];
	Node1 [label="veins::Coord::distance", height="0.22", width="1.53", color=black, fillcolor=grey75, style=filled, fontcolor=black, pos="63,244", rects="8,236,118,252"];
	Node2 [label="veins::ObstacleControl\l::calculateAttenuation", height="0.39", width="1.61", color=black, fillcolor=white, style=filled, URL="$classveins_1_1_obstacle_control.html#ae3bc0ffe81dd2ca3145636656f392204", tooltip="calculate additional attenuation by obstacles, return multiplicative factor ", pos="231,420", rects="173,406,289,434"];
	Node3 [label="veins::SimpleObstacleShadowing\l::filterSignal", height="0.39", width="2.33", color=black, fillcolor=white, style=filled, URL="$classveins_1_1_simple_obstacle_shadowing.html#a232c35993ba999b86d6e700d2152c98a", tooltip="Filters a specified Signal by adding an attenuation over time to the Signal. ", pos="430,420", rects="346,406,514,434"];
	Node4 [label="veins::ChannelAccess\l::calculatePropagationDelay", height="0.39", width="1.97", color=black, fillcolor=white, style=filled, URL="$classveins_1_1_channel_access.html#a01c12c70034ec0583ee5f4e1ac0f683b", tooltip="Calculates the propagation delay to the passed receiving nic. ", pos="231,374", rects="160,360,303,388"];
	Node5 [label="veins::ChannelAccess\l::sendToChannel", height="0.39", width="1.56", color=black, fillcolor=white, style=filled, URL="$classveins_1_1_channel_access.html#ae370934ad7b1feacc1cb6bd6ad437198", tooltip="Sends a message to all nics connected to this one. ", pos="430,374", rects="374,360,486,388"];
	Node6 [label="veins::BasePhyLayer\l::sendMessageDown", height="0.39", width="1.53", color=black, fillcolor=white, style=filled, URL="$classveins_1_1_base_phy_layer.html#a1fe847ed3e50ccf3a3740234dfee42b1", tooltip="Send the passed AirFrame to the channel. ", pos="629,374", rects="574,360,684,388"];
	Node7 [label="veins::BasePhyLayer\l::handleUpperMessage", height="0.39", width="1.64", color=black, fillcolor=white, style=filled, URL="$classveins_1_1_base_phy_layer.html#a17b1d469775962d23835dd5f43a639ac", tooltip="Handle messages received from the upper layer and start transmitting them. ", pos="802,374", rects="743,360,862,388"];
	Node8 [label="veins::BasePhyLayer\l::handleMessage", height="0.39", width="1.53", color=black, fillcolor=white, style=filled, URL="$classveins_1_1_base_phy_layer.html#a54c20b44779b724638e62f941b656f9c", tooltip="Process received messages and pass to specific handlers. ", pos="953,374", rects="898,360,1008,388"];
	Node9 [label="veins::TraCIMobility\l::changePosition", height="0.39", width="1.50", color=black, fillcolor=white, style=filled, URL="$classveins_1_1_tra_c_i_mobility.html#a3137899bb330551c9823c40b4ed8b8fc", pos="629,240", rects="575,226,684,254"];
	Node10 [label="veins::TraCIMobility\l::nextPosition", height="0.39", width="1.50", color=black, fillcolor=white, style=filled, URL="$classveins_1_1_tra_c_i_mobility.html#ae53642be0d88b9f146cf55a5d990f1a2", pos="802,240", rects="748,226,857,254"];
	Node11 [label="veins::TwoRayInterference\lModel::filterSignal", height="0.39", width="1.97", color=black, fillcolor=white, style=filled, URL="$classveins_1_1_two_ray_interference_model.html#a4c322a29e4987d2021bee9234a0ad0b9", tooltip="Has to be overriden by every implementation. ", pos="231,290", rects="160,276,302,304"];
	Node12 [label="veins::NakagamiFading\l::filterSignal", height="0.39", width="1.72", color=black, fillcolor=white, style=filled, URL="$classveins_1_1_nakagami_fading.html#a630ff5ca1212baf8d9afac0d017229da", tooltip="Simple Nakagami-m fading (based on a constant factor across all time and frequencies). ", pos="231,244", rects="169,230,293,258"];
	Node13 [label="veins::MobileHostObstacle\l::getIntersectionPoint", height="0.39", width="1.89", color=black, fillcolor=white, style=filled, URL="$classveins_1_1_mobile_host_obstacle.html#a97a8fa2ba85ea3dd7a84c7e89ad6e74e", tooltip="return closest point (in meters) along (senderPos–receiverPos) where this obstacle overlaps...", pos="231,198", rects="163,184,299,212"];
	Node14 [label="veins::VehicleObstacleControl\l::getPotentialObstacles", height="0.39", width="2.14", color=black, fillcolor=white, style=filled, URL="$classveins_1_1_vehicle_obstacle_control.html#ab98060c628b51496d26c95962a30517f", tooltip="get distance and height of potential obstacles ", pos="231,152", rects="154,138,308,166"];
	Node15 [label="veins::VehicleObstacleShadowing\l::filterSignal", height="0.39", width="2.36", color=black, fillcolor=white, style=filled, URL="$classveins_1_1_vehicle_obstacle_shadowing.html#aa1a8069440240b74a7a8ea0c91b06116", tooltip="Filters a specified Signal by adding an attenuation over time to the Signal. ", pos="430,198", rects="345,184,516,212"];
	Node16 [label="veins::BaseMobility\l::handleIfOutside", height="0.39", width="1.42", color=black, fillcolor=white, style=filled, URL="$classveins_1_1_base_mobility.html#aae36006995d117a723134cbe1fee5e90", tooltip="Main border handling function. ", pos="231,106", rects="180,92,283,120"];
	Node17 [label="veins::LinearMobility\l::fixIfHostGetsOutside", height="0.39", width="1.64", color=black, fillcolor=white, style=filled, URL="$classveins_1_1_linear_mobility.html#a506fdc3882892c0fc4427df73736010e", tooltip="Should be redefined in subclasses. ", pos="430,106", rects="371,92,489,120"];
	Node18 [label="veins::LinearMobility\l::makeMove", height="0.39", width="1.56", color=black, fillcolor=white, style=filled, URL="$classveins_1_1_linear_mobility.html#af310806b2b41572de1428e56474bba56", tooltip="Move the host. ", pos="629,106", rects="573,92,686,120"];
	Node19 [label="veins::TraCIMobility\l::fixIfHostGetsOutside", height="0.39", width="1.64", color=black, fillcolor=white, style=filled, URL="$classveins_1_1_tra_c_i_mobility.html#a4fa20054882e4a7fb5b03a13576311c3", tooltip="called after each read to check for (and handle) invalid positions ", pos="430,152", rects="371,138,489,166"];
	Node20 [label="veins::TraCIScenarioManager\l::init_traci", height="0.39", width="2.11", color=black, fillcolor=white, style=filled, URL="$classveins_1_1_tra_c_i_scenario_manager.html#a5389f3fc889b1fe3fd126c33a7d9ae36", pos="231,60", rects="155,46,308,74"];
	Node21 [label="veins::TraCIScenarioManager\l::handleSelfMsg", height="0.39", width="2.11", color=black, fillcolor=white, style=filled, URL="$classveins_1_1_tra_c_i_scenario_manager.html#a86a0b91aab8823c087c33b99f3a06b1f", pos="430,60", rects="354,46,507,74"];
	Node22 [label="veins::TraCIScenarioManager\l::handleMessage", height="0.39", width="2.11", color=black, fillcolor=white, style=filled, URL="$classveins_1_1_tra_c_i_scenario_manager.html#ac66ce95372a25d1860ad24748363090d", pos="629,60", rects="553,46,706,74"];
	Node23 [label="veins::TraCIScenarioManager\lLaunchd::init_traci", height="0.39", width="2.11", color=black, fillcolor=white, style=filled, URL="$classveins_1_1_tra_c_i_scenario_manager_launchd.html#a5547124fea3c83e5492a9cdb029948c9", pos="430,14", rects="354,0,507,28"];
	Node1 -> Node2 [dir=back, color=midnightblue, style=solid, pos="s,118,252 125,259 164,305 106,359 154,406 159,411 166,414 173,417"];
	Node2 -> Node3 [dir=back, color=midnightblue, style=solid, pos="s,289,420 299,420 314,420 330,420 346,420"];
	Node1 -> Node4 [dir=back, color=midnightblue, style=solid, pos="s,118,252 125,258 152,289 118,328 154,360 156,361 157,363 159,364"];
	Node4 -> Node5 [dir=back, color=midnightblue, style=solid, pos="s,303,374 313,374 333,374 355,374 374,374"];
	Node5 -> Node6 [dir=back, color=midnightblue, style=solid, pos="s,486,374 496,374 521,374 550,374 574,374"];
	Node6 -> Node7 [dir=back, color=midnightblue, style=solid, pos="s,684,374 694,374 710,374 726,374 742,374"];
	Node7 -> Node8 [dir=back, color=midnightblue, style=solid, pos="s,862,374 872,374 881,374 889,374 898,374"];
	Node1 -> Node9 [dir=back, color=midnightblue, style=solid, pos="s,83,252 91,253 104,254 113,253 126,262 140,269 140,276 146,290 148,292 152,311 154,313 227,364 465,272 552,254 559,252 567,251 \
574,249"];
	Node9 -> Node10 [dir=back, color=midnightblue, style=solid, pos="s,684,240 694,240 711,240 730,240 747,240"];
	Node1 -> Node11 [dir=back, color=midnightblue, style=solid, pos="s,118,252 127,256 137,262 140,270 154,276 156,277 158,277 160,278"];
	Node1 -> Node12 [dir=back, color=midnightblue, style=solid, pos="s,118,244 128,244 141,244 155,244 169,244"];
	Node1 -> Node13 [dir=back, color=midnightblue, style=solid, pos="s,118,236 126,232 137,226 140,218 154,212 157,211 160,210 163,209"];
	Node1 -> Node14 [dir=back, color=midnightblue, style=solid, pos="s,118,236 125,230 144,210 129,185 154,166"];
	Node14 -> Node15 [dir=back, color=midnightblue, style=solid, pos="s,308,166 317,170 326,175 331,180 344,184"];
	Node1 -> Node16 [dir=back, color=midnightblue, style=solid, pos="s,118,236 125,230 155,195 116,154 154,120 161,114 170,110 179,108"];
	Node16 -> Node17 [dir=back, color=midnightblue, style=solid, pos="s,283,106 292,106 317,106 346,106 371,106"];
	Node17 -> Node18 [dir=back, color=midnightblue, style=solid, pos="s,489,106 499,106 523,106 549,106 572,106"];
	Node16 -> Node19 [dir=back, color=midnightblue, style=solid, pos="s,283,114 292,116 297,117 303,119 308,120 325,126 327,133 344,138 353,141 362,143 371,145"];
	Node19 -> Node9 [dir=back, color=midnightblue, style=solid, pos="s,489,155 498,157 504,160 510,163 516,166 542,184 527,208 552,226 559,230 566,233 574,236"];
	Node1 -> Node20 [dir=back, color=midnightblue, style=solid, pos="s,118,236 124,229 167,181 103,124 154,74"];
	Node20 -> Node21 [dir=back, color=midnightblue, style=solid, pos="s,308,60 318,60 330,60 341,60 353,60"];
	Node21 -> Node22 [dir=back, color=midnightblue, style=solid, pos="s,507,60 517,60 529,60 540,60 552,60"];
	Node20 -> Node23 [dir=back, color=midnightblue, style=solid, pos="s,308,46 317,43 326,38 331,33 344,28 347,27 350,26 353,25"];
}
