digraph "veins::BaseWorldUtility::use2D" {
	graph [rankdir=LR];
	node [label="\N", fontname=Helvetica, fontsize=10, shape=record];
	edge [fontname=Helvetica, fontsize=10, labelfontname=Helvetica, labelfontsize=10];
	graph [bb="0,0,932,334"];
	Node1 [label="veins::BaseWorldUtility\l::use2D", height="0.39", width="1.72", color=black, fillcolor=grey75, style=filled, fontcolor=black, pos="70,207", rects="8,193,132,221"];
	Node2 [label="veins::BaseMobility\l::checkIfOutside", height="0.39", width="1.42", color=black, fillcolor=white, style=filled, URL="$classveins_1_1_base_mobility.html#ab69f42caa7932524bf470f0799b4aac7", tooltip="Checks whether the host is outside the playground and returns where. ", pos="251,320", rects="200,306,303,334"];
	Node3 [label="veins::BaseMobility\l::handleIfOutside", height="0.39", width="1.42", color=black, fillcolor=white, style=filled, URL="$classveins_1_1_base_mobility.html#aae36006995d117a723134cbe1fee5e90", tooltip="Main border handling function. ", pos="422,278", rects="371,264,474,292"];
	Node4 [label="veins::LinearMobility\l::fixIfHostGetsOutside", height="0.39", width="1.64", color=black, fillcolor=white, style=filled, URL="$classveins_1_1_linear_mobility.html#a506fdc3882892c0fc4427df73736010e", tooltip="Should be redefined in subclasses. ", pos="569,282", rects="510,268,628,296"];
	Node5 [label="veins::LinearMobility\l::makeMove", height="0.39", width="1.56", color=black, fillcolor=white, style=filled, URL="$classveins_1_1_linear_mobility.html#af310806b2b41572de1428e56474bba56", tooltip="Move the host. ", pos="721,282", rects="665,268,778,296"];
	Node6 [label="veins::TraCIMobility\l::fixIfHostGetsOutside", height="0.39", width="1.64", color=black, fillcolor=white, style=filled, URL="$classveins_1_1_tra_c_i_mobility.html#a4fa20054882e4a7fb5b03a13576311c3", tooltip="called after each read to check for (and handle) invalid positions ", pos="569,236", rects="510,222,628,250"];
	Node7 [label="veins::TraCIMobility\l::changePosition", height="0.39", width="1.50", color=black, fillcolor=white, style=filled, URL="$classveins_1_1_tra_c_i_mobility.html#a3137899bb330551c9823c40b4ed8b8fc", pos="721,169", rects="667,155,776,183"];
	Node8 [label="veins::TraCIMobility\l::nextPosition", height="0.39", width="1.50", color=black, fillcolor=white, style=filled, URL="$classveins_1_1_tra_c_i_mobility.html#ae53642be0d88b9f146cf55a5d990f1a2", pos="869,169", rects="815,155,924,183"];
	Node9 [label="veins::PhyLayer80211p\l::getAnalogueModelFromName", height="0.39", width="2.28", color=black, fillcolor=white, style=filled, URL="$classveins_1_1_phy_layer80211p.html#ae9a4ddccf5652f8376aee93c2be56730", tooltip="Creates and returns an instance of the AnalogueModel with the specified name. ", pos="251,228", rects="169,214,334,242"];
	Node10 [label="veins::BaseMobility\l::goToBorder", height="0.39", width="1.42", color=black, fillcolor=white, style=filled, URL="$classveins_1_1_base_mobility.html#a3bf65a049293dc4c7043554c04555bdc", tooltip="calculate the step to reach the border ", pos="251,274", rects="200,260,303,288"];
	Node11 [label="veins::BaseMobility\l::initialize", height="0.39", width="1.42", color=black, fillcolor=white, style=filled, URL="$classveins_1_1_base_mobility.html#ac865e9d430a27e6a3076c0d9293fef35", tooltip="Initializes mobility model parameters. ", pos="422,144", rects="371,130,474,158"];
	Node12 [label="veins::LinearMobility\l::initialize", height="0.39", width="1.56", color=black, fillcolor=white, style=filled, URL="$classveins_1_1_linear_mobility.html#ac94ebc62ac059949810368634398004b", tooltip="Initializes mobility model parameters. ", pos="569,190", rects="513,176,626,204"];
	Node13 [label="veins::TraCIMobility\l::initialize", height="0.39", width="1.50", color=black, fillcolor=white, style=filled, URL="$classveins_1_1_tra_c_i_mobility.html#a9945ece48d11a01a7973f991b467e848", pos="569,144", rects="515,130,624,158"];
	Node14 [label="veins::BaseMobility\l::updatePosition", height="0.39", width="1.42", color=black, fillcolor=white, style=filled, URL="$classveins_1_1_base_mobility.html#a291eed23c07d4693a5fa4164aa80934e", tooltip="Update the position information for this node. ", pos="251,102", rects="200,88,303,116"];
	Node15 [label="veins::BaseMobility\l::handleBorderMsg", height="0.39", width="1.42", color=black, fillcolor=white, style=filled, URL="$classveins_1_1_base_mobility.html#a1cd10753592e8eeb018d8f774ce862c6", tooltip="Called upon arrival of a border messages. ", pos="422,60", rects="371,46,474,74"];
	Node16 [label="veins::BaseMobility\l::handleMessage", height="0.39", width="1.42", color=black, fillcolor=white, style=filled, URL="$classveins_1_1_base_mobility.html#a64b618ee6a35eaebfcfba7d9266be4c8", tooltip="This modules should only receive self-messages. ", pos="569,37", rects="518,23,621,51"];
	Node17 [label="veins::BaseMobility\l::handleSelfMsg", height="0.39", width="1.42", color=black, fillcolor=white, style=filled, URL="$classveins_1_1_base_mobility.html#a70b2b357a4cef14850cd4edd440a13a7", tooltip="Called upon arrival of a self messages. ", pos="422,14", rects="371,0,474,28"];
	Node1 -> Node2 [dir=back, color=midnightblue, style=solid, pos="s,132,221 139,227 160,252 139,282 168,306 177,313 188,317 199,319"];
	Node2 -> Node3 [dir=back, color=midnightblue, style=solid, pos="s,303,313 312,311 319,309 327,307 334,306 351,301 354,297 370,292"];
	Node3 -> Node4 [dir=back, color=midnightblue, style=solid, pos="s,474,279 484,280 493,280 501,280 510,280"];
	Node4 -> Node5 [dir=back, color=midnightblue, style=solid, pos="s,628,282 638,282 647,282 655,282 664,282"];
	Node3 -> Node6 [dir=back, color=midnightblue, style=solid, pos="s,474,264 482,261 493,257 497,254 510,250"];
	Node6 -> Node7 [dir=back, color=midnightblue, style=solid, pos="s,628,222 635,217 648,206 647,192 664,183 665,183 666,182 666,182"];
	Node7 -> Node8 [dir=back, color=midnightblue, style=solid, pos="s,776,169 786,169 795,169 805,169 814,169"];
	Node1 -> Node6 [dir=back, color=midnightblue, style=solid, pos="s,132,205 142,205 151,205 159,205 168,205 242,204 261,200 334,205 394,208 462,218 510,226"];
	Node1 -> Node9 [dir=back, color=midnightblue, style=solid, pos="s,132,214 141,215 150,216 159,217 168,218"];
	Node1 -> Node10 [dir=back, color=midnightblue, style=solid, pos="s,132,221 139,226 152,236 151,250 168,260 178,265 188,268 199,270"];
	Node10 -> Node3 [dir=back, color=midnightblue, style=solid, pos="s,303,275 313,275 331,275 352,276 370,277"];
	Node1 -> Node11 [dir=back, color=midnightblue, style=solid, pos="s,119,193 128,190 132,189 136,187 140,186 153,180 155,175 168,172 236,152 318,146 370,144"];
	Node11 -> Node12 [dir=back, color=midnightblue, style=solid, pos="s,474,158 483,161 493,166 497,170 510,176 511,176 512,177 512,177"];
	Node11 -> Node13 [dir=back, color=midnightblue, style=solid, pos="s,474,144 484,144 494,144 504,144 514,144"];
	Node1 -> Node14 [dir=back, color=midnightblue, style=solid, pos="s,132,193 139,186 158,164 141,137 168,116 177,109 188,105 199,103"];
	Node14 -> Node7 [dir=back, color=midnightblue, style=solid, pos="s,303,100 313,100 404,98 573,98 628,121 649,130 645,145 664,155 665,155 666,156 666,156"];
	Node14 -> Node15 [dir=back, color=midnightblue, style=solid, pos="s,303,95 312,93 319,92 327,90 334,88 351,84 354,80 370,74"];
	Node15 -> Node16 [dir=back, color=midnightblue, style=solid, pos="s,474,52 483,51 494,49 506,47 517,45"];
	Node14 -> Node17 [dir=back, color=midnightblue, style=solid, pos="s,303,101 312,99 320,97 327,93 334,88 360,71 346,47 370,28"];
	Node17 -> Node16 [dir=back, color=midnightblue, style=solid, pos="s,474,22 483,23 494,25 506,27 517,29"];
	Node14 -> Node11 [dir=back, color=midnightblue, style=solid, pos="s,303,109 312,111 319,113 327,115 334,116 351,121 354,125 370,130"];
}
