digraph "veins::BasePhyLayer::getDeciderFromName" {
	graph [rankdir=LR];
	node [label="\N", fontname=Helvetica, fontsize=10, shape=record];
	edge [fontname=Helvetica, fontsize=10, labelfontname=Helvetica, labelfontsize=10];
	graph [bb="0,0,600,74"];
	Node1 [label="veins::BasePhyLayer\l::getDeciderFromName", height="0.39", width="1.69", color=black, fillcolor=grey75, style=filled, fontcolor=black, pos="70,37", rects="9,23,132,51"];
	Node2 [label="veins::PhyLayer80211p\l::getDeciderFromName", height="0.39", width="1.69", color=black, fillcolor=white, style=filled, URL="$classveins_1_1_phy_layer80211p.html#a2c50b013088841608612b0a7c8b92799", tooltip="Creates and returns an instance of the Decider with the specified name. ", pos="230,60", rects="169,46,292,74"];
	Node3 [label="veins::BasePhyLayer\l::initializeDecider", height="0.39", width="1.53", color=black, fillcolor=white, style=filled, URL="$classveins_1_1_base_phy_layer.html#a9da4f8ffaa373a0de7895cbea524816b", tooltip="Initialize the Decider with the data from the passed XML-config data. ", pos="230,14", rects="175,0,285,28"];
	Node4 [label="veins::BasePhyLayer\l::initialize", height="0.39", width="1.53", color=black, fillcolor=white, style=filled, URL="$classveins_1_1_base_phy_layer.html#a63e95c45ba5f46514ed9027c53216491", tooltip="Initialize members and associated objects according to parameterization. ", pos="383,14", rects="328,0,438,28"];
	Node5 [label="veins::PhyLayer80211p\l::initialize", height="0.39", width="1.61", color=black, fillcolor=white, style=filled, URL="$classveins_1_1_phy_layer80211p.html#abdd1c62986d1fd220eb5e51d4458811a", pos="533,14", rects="475,0,592,28"];
	Node1 -> Node2 [dir=back, color=midnightblue, style=solid, pos="s,132,46 141,47 150,49 159,49 168,51"];
	Node1 -> Node3 [dir=back, color=midnightblue, style=solid, pos="s,132,28 141,27 152,25 164,24 175,22"];
	Node3 -> Node4 [dir=back, color=midnightblue, style=solid, pos="s,285,14 295,14 306,14 317,14 328,14"];
	Node4 -> Node5 [dir=back, color=midnightblue, style=solid, pos="s,438,14 448,14 457,14 465,14 474,14"];
}
