digraph "veins::PhyLayer80211p::handleSelfMessage" {
	graph [rankdir=LR];
	node [label="\N", fontname=Helvetica, fontsize=10, shape=record];
	edge [fontname=Helvetica, fontsize=10, labelfontname=Helvetica, labelfontsize=10];
	graph [bb="0,0,1814,784"];
	Node1 [label="veins::PhyLayer80211p\l::handleSelfMessage", height="0.39", width="1.61", color=black, fillcolor=grey75, style=filled, fontcolor=black, pos="67,372", rects="9,358,126,386"];
	Node2 [label="veins::Decider80211p::cca", height="0.22", width="1.72", color=black, fillcolor=white, style=filled, URL="$classveins_1_1_decider80211p.html#aeba984a7f23ef26ce8b22b0bfef88947", pos="224,614", rects="162,606,286,622"];
	Node3 [label="veins::BaseDecider\l::getChannelInfo", height="0.39", width="1.36", color=black, fillcolor=white, style=filled, URL="$classveins_1_1_base_decider.html#a1eb9539d907f101c8d30798f6ca03337", tooltip="Collects the AirFrame on the channel during the passed interval. ", pos="409,591", rects="360,577,458,605"];
	Node4 [label="veins::DeciderToPhyInterface\l::getChannelInfo", height="0.39", width="2.11", color=black, fillcolor=white, style=filled, URL="$classveins_1_1_decider_to_phy_interface.html#a49ab6416f80e747952ad829d6e8ca771", tooltip="Fills the passed AirFrameVector with all AirFrames that intersect with the time interval [from...", pos="610,582", rects="534,568,687,596"];
	Node5 [label="veins::DeciderToPhyInterface\l::getNoiseFloorValue", height="0.39", width="2.11", color=black, fillcolor=white, style=filled, URL="$classveins_1_1_decider_to_phy_interface.html#af423a846c8d7b68d6882b30be41432a7", tooltip="Returns a constant which defines the noise floor in the passed time frame (in mW). ", pos="409,702", rects="333,688,486,716"];
	Node6 [label="veins::SignalUtils\l::isChannelPowerBelowThreshold", height="0.39", width="2.39", color=black, fillcolor=white, style=filled, URL="$namespaceveins_1_1_signal_utils.html#a744df65831b369a6412cb305cf04f06f", tooltip="check if the summed power of interfererFrames&#39;s signals at freqIndex is below a given threshold...", pos="409,656", rects="323,642,496,670"];
	Node7 [label="veins::Signal::getReception\lStart", height="0.39", width="1.86", color=black, fillcolor=white, style=filled, URL="$classveins_1_1_signal.html#ae5d8659cd386548bef59f09a535a1148", tooltip="Get the point in time at which the signal reception starts. ", pos="801,540", rects="734,526,869,554"];
	Node8 [label="veins::Signal::getReceptionEnd", height="0.22", width="2.14", color=black, fillcolor=white, style=filled, URL="$classveins_1_1_signal.html#a5c2bffe68602700de93aca6403b7e2c8", tooltip="Get the point in time at which the signal reception ends. ", pos="610,776", rects="533,768,688,784"];
	Node9 [label="veins::SignalUtils\l::anonymous_namespace\l\{SignalUtils::cc\}::powerLevel\lSumAtFrequencyIndex", height="0.72", width="2.00", color=black, fillcolor=white, style=filled, URL="$namespaceveins_1_1_signal_utils_1_1anonymous__namespace_02_signal_utils_8cc_03.html#a3bdc19ba2443b2e74ab424beea23f8c8", pos="610,724", rects="538,698,682,750"];
	Node10 [label="veins::Signal::getAnalogue\lModelList", height="0.39", width="1.86", color=black, fillcolor=white, style=filled, URL="$classveins_1_1_signal.html#a2f4dfdadff0cd6a20ca21bad48e90940", tooltip="Get the AnalogueModels associated with this Signal. ", pos="610,666", rects="543,652,677,680"];
	Node11 [label="veins::BasePhyLayer\l::finishRadioSwitching", height="0.39", width="1.64", color=black, fillcolor=white, style=filled, URL="$classveins_1_1_base_phy_layer.html#ada6c556e50ead146f822dadf6ea2a472", tooltip="Called when the switching process of the Radio is finished. ", pos="224,372", rects="165,358,284,386"];
	Node12 [label="veins::BasePhyLayer\l::sendControlMsgToMac", height="0.39", width="1.78", color=black, fillcolor=white, style=filled, URL="$classveins_1_1_base_phy_layer.html#a7839a1e342516ba1cde3a001a72965f3", tooltip="Send the given message to via the control gate to the mac. ", pos="409,330", rects="345,316,474,344"];
	Node13 [label="veins::BasePhyLayer\l::sendControlMessageUp", height="0.39", width="1.78", color=black, fillcolor=white, style=filled, URL="$classveins_1_1_base_phy_layer.html#aaa439e85a8bc20a39477055aecf04993", tooltip="Send the passed control message to the upper layer. ", pos="610,82", rects="546,68,675,96"];
	Node14 [label="veins::BasePhyLayer\l::handleAirFrame", height="0.39", width="1.53", color=black, fillcolor=white, style=filled, URL="$classveins_1_1_base_phy_layer.html#a8d6f371fa6ea6ca89cb78764a05f31dd", tooltip="Handle messages received from the channel. ", pos="224,437", rects="169,423,279,451"];
	Node15 [label="veins::BasePhyLayer\l::handleAirFrameEndReceive", height="0.39", width="2.11", color=black, fillcolor=white, style=filled, URL="$classveins_1_1_base_phy_layer.html#a4f8fde562c0004b498fc3294c3f54c2f", tooltip="Handle incoming AirFrames with the state AirFrameState::end_receive. ", pos="801,457", rects="725,443,878,471"];
	Node16 [label="veins::ChannelInfo\l::isChannelEmpty", height="0.39", width="1.39", color=black, fillcolor=white, style=filled, URL="$classveins_1_1_channel_info.html#a609996751d76a3ebb0db27660402fa0d", tooltip="Returns true if there are currently no active or inactive AirFrames on the channel. ", pos="1111,353", rects="1061,339,1162,367"];
	Node17 [label="veins::ChannelInfo\l::removeAirFrame", height="0.39", width="1.39", color=black, fillcolor=white, style=filled, URL="$classveins_1_1_channel_info.html#af9ee0be843528ee913df218f73d4d713", tooltip="Tells the ChannelInfo that an AirFrame is over. ", pos="965,453", rects="915,439,1016,467"];
	Node18 [label="veins::ChannelInfo\l::addToInactives", height="0.39", width="1.39", color=black, fillcolor=white, style=filled, URL="$classveins_1_1_channel_info.html#a002d7a0fff6734bdb6d8ddebf799f7f5", tooltip="Moves a previously active AirFrame to the inactive AirFrames. ", pos="1111,453", rects="1061,439,1162,467"];
	Node19 [label="veins::ChannelInfo\l::canDiscardInterval", height="0.39", width="1.44", color=black, fillcolor=white, style=filled, URL="$classveins_1_1_channel_info.html#ab4da0befdce7f2b27ae4a61d66ec2167", tooltip="Returns true if all information inside the passed interval can be deleted. ", pos="1425,477", rects="1373,463,1478,491"];
	Node20 [label="veins::ChannelInfo\l::isIntersecting", height="0.39", width="1.39", color=black, fillcolor=white, style=filled, URL="$classveins_1_1_channel_info.html#a2a4e738d7d51c1dc53ba7404b68103ec", tooltip="Returns true if there is at least one AirFrame in the passed AirFrameMatrix which intersect with the ...", pos="1565,448", rects="1515,434,1616,462"];
	Node21 [label="veins::ChannelInfo\l::BaseIntersectionIterator::next", height="0.39", width="2.11", color=black, fillcolor=white, style=filled, URL="$classveins_1_1_channel_info_1_1_base_intersection_iterator.html#ac8cb02d11bbba3ab83fe39a400aa320d", tooltip="Increases the iterator to the next intersecting AirFrame and returns a pointer to this AirFrame...", pos="1729,412", rects="1653,398,1806,426"];
	Node22 [label="veins::ChannelInfo\l::checkAndCleanInterval", height="0.39", width="1.81", color=black, fillcolor=white, style=filled, URL="$classveins_1_1_channel_info.html#a1ffb197c5bf86824cd04313da5e9e4ed", tooltip="Checks if any information inside the passed interval can be discarded. ", pos="1271,427", rects="1206,413,1336,441"];
	Node23 [label="veins::ChannelInfo\l::IntersectionIterator\l::eraseAirFrame", height="0.56", width="1.44", color=black, fillcolor=white, style=filled, URL="$classveins_1_1_channel_info_1_1_intersection_iterator.html#a375fa550d8ff120ec17ace70de51389f", tooltip="Erases the AirFrame the iterator currently points to from the AirFrameMatrix. ", pos="1425,425", rects="1373,405,1478,445"];
	Node24 [label="veins::ChannelInfo\l::deleteAirFrame", height="0.39", width="1.39", color=black, fillcolor=white, style=filled, URL="$classveins_1_1_channel_info.html#aec072c13541b9a22bbdcc8e9103fe9e5", tooltip="Deletes an AirFrame from an AirFrameMatrix. ", pos="1111,407", rects="1061,393,1162,421"];
	Node25 [label="veins::ChannelInfo\l::findEarliestInfoPoint", height="0.39", width="1.61", color=black, fillcolor=white, style=filled, URL="$classveins_1_1_channel_info.html#a627fbeddfec6f3ec1da17a91b97f1051", tooltip="Returns the start time of the odlest AirFrame on the channel. ", pos="1111,499", rects="1053,485,1170,513"];
	Node26 [label="veins::BasePhyLayer\l::handleAirFrameReceiving", height="0.39", width="1.97", color=black, fillcolor=white, style=filled, URL="$classveins_1_1_base_phy_layer.html#a9dbbcf0004b22c622ec4b06a19b4f564", tooltip="Handle incoming AirFrames with the state AirFrameState::receiving. ", pos="610,498", rects="539,484,682,512"];
	Node27 [label="veins::Signal::getDuration", height="0.22", width="1.81", color=black, fillcolor=white, style=filled, URL="$classveins_1_1_signal.html#ae57e07bf7e6cd6baa0f6db79815cd5cb", tooltip="Get the duration. ", pos="801,498", rects="736,490,866,506"];
	Node28 [label="veins::BasePhyLayer\l::sendSelfMessage", height="0.39", width="1.53", color=black, fillcolor=white, style=filled, URL="$classveins_1_1_base_phy_layer.html#aa59aef501cadd36c94d4f82efe9b64be", tooltip="Schedule self message to passed point in time. ", pos="801,411", rects="746,397,856,425"];
	Node29 [label="veins::BasePhyLayer\l::handleAirFrameStartReceive", height="0.39", width="2.17", color=black, fillcolor=white, style=filled, URL="$classveins_1_1_base_phy_layer.html#a671f083680882230b754b7e9578e6274", tooltip="Handle incoming AirFrames with the state AirFrameState::start_receive. ", pos="409,376", rects="331,362,487,390"];
	Node30 [label="veins::ChannelInfo\l::addAirFrame", height="0.39", width="1.39", color=black, fillcolor=white, style=filled, URL="$classveins_1_1_channel_info.html#a922ab80fac41c9d89871080940e07cd5", tooltip="Tells the ChannelInfo that an AirFrame has started. ", pos="965,349", rects="915,335,1016,363"];
	Node31 [label="veins::BasePhyLayer\l::filterSignal", height="0.39", width="1.53", color=black, fillcolor=white, style=filled, URL="$classveins_1_1_base_phy_layer.html#adb6dcf56295ceb53b34e83eb409a40a2", tooltip="Filter the passed AirFrame&#39;s Signal by every registered AnalogueModel. ", pos="610,128", rects="555,114,665,142"];
	Node32 [label="veins::AntennaPosition\l::getPositionAt", height="0.39", width="1.67", color=black, fillcolor=white, style=filled, URL="$classveins_1_1_antenna_position.html#a57098d0c1c13859757b4aaf04cafe6eb", tooltip="Get the (linearly extrapolated) position at time t. ", pos="801,128", rects="741,114,861,142"];
	Node33 [label="veins::Signal::setAnalogue\lModelList", height="0.39", width="1.83", color=black, fillcolor=white, style=filled, URL="$classveins_1_1_signal.html#a076f3041b7d3ffe462a12e5f9626521c", tooltip="Set the AnalogueModels associated with this Signal. ", pos="801,82", rects="735,68,867,96"];
	Node34 [label="veins::Signal::setReceiverPoa", height="0.22", width="2.00", color=black, fillcolor=white, style=filled, URL="$classveins_1_1_signal.html#a14400bcd9d4ab51a2a0f44444fb628a4", tooltip="Set this signal&#39;s receiver POA. ", pos="801,42", rects="729,34,874,50"];
	Node35 [label="veins::Signal::setSenderPoa", height="0.22", width="1.86", color=black, fillcolor=white, style=filled, URL="$classveins_1_1_signal.html#a5ae9df5dc12815b88e60e3358bfb6630", tooltip="Set this signal&#39;s sender POA. ", pos="801,8", rects="734,0,869,16"];
	Node36 [label="veins::Heading::toCoord", height="0.22", width="1.69", color=black, fillcolor=white, style=filled, URL="$classveins_1_1_heading.html#a97fba1b017beb1eb89b3fcdb3075e188", tooltip="Returns Coord of a unit vector (with x pointing east and y pointing south). ", pos="801,168", rects="740,160,862,176"];
	Node37 [label="veins::Signal::getSending\lStart", height="0.39", width="1.72", color=black, fillcolor=white, style=filled, URL="$classveins_1_1_signal.html#ae7756606a92ceca2f2046c518f224337", tooltip="Timing. ", pos="610,292", rects="548,278,673,306"];
	Node38 [label="veins::BasePhyLayer\l::isKnownProtocolId", height="0.39", width="1.53", color=black, fillcolor=white, style=filled, URL="$classveins_1_1_base_phy_layer.html#ae460c42343d21773092cda8eb36cb500", tooltip="Return whether the protocol with the passed identifier is decodeable by the decider. ", pos="610,246", rects="555,232,665,260"];
	Node39 [label="veins::Signal::setPropagation\lDelay", height="0.39", width="1.97", color=black, fillcolor=white, style=filled, URL="$classveins_1_1_signal.html#a5e48dc3cce926b99eefefed3b24f5713", tooltip="Set the propagation delay. ", pos="610,376", rects="539,362,682,390"];
	Node40 [label="veins::Decider80211p\l::setChannelIdleStatus", height="0.39", width="1.58", color=black, fillcolor=white, style=filled, URL="$classveins_1_1_decider80211p.html#a70d7d4c3003fdef38e4b68c471152992", tooltip="Changes the \"isIdle\"-status to the passed value. ", pos="224,286", rects="167,272,281,300"];
	Node41 [label="veins::DeciderToPhyInterface\l::sendControlMsgToMac", height="0.39", width="2.11", color=black, fillcolor=white, style=filled, URL="$classveins_1_1_decider_to_phy_interface.html#a72dbcdf0657bf5760d67e34645066d33", tooltip="Called by the Decider to send a control message to the MACLayer. ", pos="409,284", rects="333,270,486,298"];
	Node1 -> Node2 [color=midnightblue, style=solid, pos="e,162,606 126,386 192,456 98,532 155,599"];
	Node2 -> Node3 [color=midnightblue, style=solid, pos="e,360,597 286,606 307,603 330,601 351,598"];
	Node3 -> Node4 [color=midnightblue, style=solid, pos="e,533,585 458,589 478,588 501,587 523,586"];
	Node2 -> Node5 [color=midnightblue, style=solid, pos="e,332,694 286,622 314,640 295,668 322,688 322,688 323,689 323,689"];
	Node2 -> Node6 [color=midnightblue, style=solid, pos="e,322,642 286,622 300,626 304,633 314,638"];
	Node6 -> Node7 [color=midnightblue, style=solid, pos="e,733,549 496,642 582,626 615,652 688,605 712,589 701,568 724,554 724,554 724,554 724,554"];
	Node6 -> Node8 [color=midnightblue, style=solid, pos="e,532,768 496,670 529,697 501,733 525,761"];
	Node6 -> Node9 [color=midnightblue, style=solid, pos="e,538,701 496,670 514,678 515,687 529,696"];
	Node6 -> Node10 [color=midnightblue, style=solid, pos="e,543,663 496,660 509,661 521,662 533,662"];
	Node1 -> Node11 [color=midnightblue, style=solid, pos="e,164,372 126,372 135,372 145,372 154,372"];
	Node11 -> Node12 [color=midnightblue, style=solid, pos="e,344,339 284,359 285,358 285,358 286,358 303,353 306,349 322,344 326,343 330,342 334,341"];
	Node12 -> Node13 [color=midnightblue, style=solid, pos="e,545,87 474,329 482,327 490,322 496,316 567,247 463,167 532,96 534,94 535,93 537,92"];
	Node1 -> Node14 [color=midnightblue, style=solid, pos="e,169,426 126,386 145,397 142,411 159,421"];
	Node14 -> Node15 [color=midnightblue, style=solid, pos="e,724,454 279,439 379,443 593,450 714,454"];
	Node15 -> Node16 [color=midnightblue, style=solid, pos="e,1060,366 878,443 918,431 1010,384 1050,369"];
	Node15 -> Node17 [color=midnightblue, style=solid, pos="e,914,454 878,455 887,455 896,454 904,454"];
	Node17 -> Node18 [color=midnightblue, style=solid, pos="e,1060,453 1016,453 1027,453 1039,453 1050,453"];
	Node18 -> Node19 [color=midnightblue, style=solid, pos="e,1372,473 1162,457 1217,462 1303,468 1361,472"];
	Node19 -> Node20 [color=midnightblue, style=solid, pos="e,1514,459 1478,466 1487,465 1495,463 1504,461"];
	Node20 -> Node21 [color=midnightblue, style=solid, pos="e,1652,426 1616,435 1625,433 1634,431 1642,428"];
	Node18 -> Node22 [color=midnightblue, style=solid, pos="e,1206,438 1162,445 1173,443 1185,441 1197,439"];
	Node22 -> Node19 [color=midnightblue, style=solid, pos="e,1372,463 1336,441 1350,446 1354,453 1363,458"];
	Node22 -> Node23 [color=midnightblue, style=solid, pos="e,1372,426 1336,426 1345,426 1354,426 1362,426"];
	Node22 -> Node21 [color=midnightblue, style=solid, pos="e,1652,404 1336,413 1353,408 1355,400 1372,396 1422,385 1554,394 1643,403"];
	Node17 -> Node24 [color=midnightblue, style=solid, pos="e,1060,418 1016,439 1032,433 1036,428 1050,422"];
	Node17 -> Node25 [color=midnightblue, style=solid, pos="e,1052,485 1016,467 1029,472 1034,476 1042,481"];
	Node17 -> Node16 [color=midnightblue, style=solid, pos="e,1060,362 1016,439 1044,417 1024,391 1051,368"];
	Node14 -> Node26 [color=midnightblue, style=solid, pos="e,538,499 279,449 281,449 284,450 286,451 303,458 305,465 322,470 390,490 469,496 527,499"];
	Node26 -> Node27 [color=midnightblue, style=solid, pos="e,736,498 682,498 697,498 711,498 726,498"];
	Node26 -> Node7 [color=midnightblue, style=solid, pos="e,733,529 682,510 684,511 686,511 688,512 705,517 708,522 723,526"];
	Node26 -> Node15 [color=midnightblue, style=solid, pos="e,724,471 682,486 684,485 686,485 688,484 701,481 706,478 715,474"];
	Node26 -> Node28 [color=midnightblue, style=solid, pos="e,746,415 682,488 684,487 686,485 688,484 714,467 699,443 724,425 728,423 732,421 737,419"];
	Node14 -> Node29 [color=midnightblue, style=solid, pos="e,331,386 279,426 281,425 284,424 286,423 306,413 303,400 322,390"];
	Node29 -> Node30 [color=midnightblue, style=solid, pos="e,914,345 487,367 488,366 489,366 490,366 510,362 513,357 532,353 663,333 819,338 903,344"];
	Node30 -> Node16 [color=midnightblue, style=solid, pos="e,1060,352 1016,350 1027,351 1039,351 1050,351"];
	Node29 -> Node31 [color=midnightblue, style=solid, pos="e,555,129 487,369 490,367 493,365 496,362 567,293 463,213 532,142 536,138 540,135 545,133"];
	Node31 -> Node32 [color=midnightblue, style=solid, pos="e,741,128 665,128 686,128 710,128 731,128"];
	Node31 -> Node33 [color=midnightblue, style=solid, pos="e,735,93 665,121 673,119 681,117 688,114 705,109 708,102 724,96 724,96 725,96 725,96"];
	Node31 -> Node34 [color=midnightblue, style=solid, pos="e,728,48 665,125 673,122 681,119 688,114 713,97 699,72 719,54"];
	Node31 -> Node35 [color=midnightblue, style=solid, pos="e,733,10 665,126 674,123 682,120 688,114 724,85 688,45 724,16 724,16 724,16 725,16"];
	Node31 -> Node36 [color=midnightblue, style=solid, pos="e,740,164 665,136 673,138 681,140 688,142 705,148 707,155 724,160 726,161 728,161 730,162"];
	Node29 -> Node7 [color=midnightblue, style=solid, pos="e,733,544 484,390 490,392 494,395 496,398 526,447 488,486 532,521 561,544 654,546 723,544"];
	Node29 -> Node37 [color=midnightblue, style=solid, pos="e,547,299 487,367 490,366 493,364 496,362 521,346 508,323 532,306 534,305 536,304 538,303"];
	Node29 -> Node26 [color=midnightblue, style=solid, pos="e,538,488 487,384 490,386 493,388 496,390 530,418 500,454 529,482"];
	Node29 -> Node16 [color=midnightblue, style=solid, pos="e,1060,340 487,364 492,362 496,359 500,356 519,341 524,334 528,310 530,301 526,230 532,223 622,138 922,296 1016,326 1032,332 103\
6,334 1050,338"];
	Node29 -> Node38 [color=midnightblue, style=solid, pos="e,555,249 487,368 490,366 493,364 496,362 533,332 496,292 532,260 536,257 541,254 545,252"];
	Node29 -> Node28 [color=midnightblue, style=solid, pos="e,746,412 487,388 487,388 488,388 488,388 508,392 513,397 532,399 602,409 682,412 736,412"];
	Node29 -> Node39 [color=midnightblue, style=solid, pos="e,538,376 487,376 501,376 515,376 528,376"];
	Node1 -> Node12 [color=midnightblue, style=solid, pos="e,344,332 126,358 128,358 161,350 162,349 220,340 286,335 335,333"];
	Node1 -> Node40 [color=midnightblue, style=solid, pos="e,167,297 126,358 150,342 139,320 159,303"];
	Node40 -> Node41 [color=midnightblue, style=solid, pos="e,332,285 281,285 294,285 308,285 322,285"];
}
