digraph "veins::VehicleObstacleShadowing::filterSignal" {
	graph [rankdir=LR];
	node [label="\N", fontname=Helvetica, fontsize=10, shape=record];
	edge [fontname=Helvetica, fontsize=10, labelfontname=Helvetica, labelfontsize=10];
	graph [bb="0,0,1642,521"];
	Node1 [label="veins::VehicleObstacleShadowing\l::filterSignal", height="0.39", width="2.36", color=black, fillcolor=grey75, style=filled, fontcolor=black, pos="94,313", rects="9,299,180,327"];
	Node2 [label="veins::Signal::at", height="0.22", width="1.11", color=black, fillcolor=white, style=filled, URL="$classveins_1_1_signal.html#ae0890d174875e1a543f334165b0748c7", tooltip="Get the power in milliwatt for the given frequency index. ", pos="669,512", rects="629,504,709,520"];
	Node3 [label="veins::AntennaPosition\l::getPositionAt", height="0.39", width="1.67", color=black, fillcolor=white, style=filled, URL="$classveins_1_1_antenna_position.html#a57098d0c1c13859757b4aaf04cafe6eb", tooltip="Get the (linearly extrapolated) position at time t. ", pos="483,312", rects="423,298,543,326"];
	Node4 [label="veins::VehicleObstacleControl\l::getPotentialObstacles", height="0.39", width="2.14", color=black, fillcolor=white, style=filled, URL="$classveins_1_1_vehicle_obstacle_control.html#ab98060c628b51496d26c95962a30517f", tooltip="get distance and height of potential obstacles ", pos="293,271", rects="216,257,370,285"];
	Node5 [label="veins::Coord::distance", height="0.22", width="1.53", color=black, fillcolor=white, style=filled, URL="$classveins_1_1_coord.html#a7fc7cefa5db60ae560d5b72ae0a25532", tooltip="Returns the distance to Coord &#39;a&#39;. ", pos="483,272", rects="428,264,538,280"];
	Node6 [label="anonymous_namespace\l\{BaseConnectionManager\l::cc\}::dist", height="0.56", width="1.89", color=black, fillcolor=white, style=filled, URL="$namespaceanonymous__namespace_02_base_connection_manager_8cc_03.html#a03d2870486bee7d8198d066f67d00e04", tooltip="On a torus the end and the begin of the axes are connected so you get a circle. ", pos="669,316", rects="601,296,738,336"];
	Node7 [label="veins::FWMath::modulo", height="0.22", width="1.72", color=black, fillcolor=white, style=filled, URL="$classveins_1_1_f_w_math.html#aa66a76d454bf3d91d8ec390c4737a7a1", tooltip="Returns the remainder r on division of dividend a by divisor n, using floored division. ", pos="848,316", rects="786,308,910,324"];
	Node8 [label="veins::Coord::length", height="0.22", width="1.42", color=black, fillcolor=white, style=filled, URL="$classveins_1_1_coord.html#aa330b25b3ec33bc78389be6589b4daaf", tooltip="Returns the length of this Coords position vector. ", pos="669,270", rects="618,262,720,278"];
	Node9 [label="veins::AnnotationManager\l::drawLine", height="0.39", width="1.92", color=black, fillcolor=white, style=filled, URL="$classveins_1_1_annotation_manager.html#a4de648d17c042138a6c8b8638e945f4b", pos="483,232", rects="414,218,553,246"];
	Node10 [label="veins::AnnotationManager\l::show", height="0.39", width="1.92", color=black, fillcolor=white, style=filled, URL="$classveins_1_1_annotation_manager.html#a87ffa1c7edbccb8372a4551b73c73def", pos="848,232", rects="779,218,918,246"];
	Node11 [label="veins::TraCICommandInterface\l::addPoi", height="0.39", width="2.28", color=black, fillcolor=white, style=filled, URL="$classveins_1_1_tra_c_i_command_interface.html#ac993f428c814e092e6d7326e2af150eb", pos="1045,324", rects="963,310,1127,338"];
	Node12 [label="veins::TraCIConnection\l::omnet2traci", height="0.39", width="1.69", color=black, fillcolor=white, style=filled, URL="$classveins_1_1_tra_c_i_connection.html#a6d4e9998a9dc8bb98c915ed6f4f163db", tooltip="convert OMNeT++ coordinates to TraCI coordinates ", pos="1234,347", rects="1173,333,1296,361"];
	Node13 [label="veins::TraCIConnection\l::query", height="0.39", width="1.69", color=black, fillcolor=white, style=filled, URL="$classveins_1_1_tra_c_i_connection.html#aaf49494fd564d7e88f1c539d9fd8aff8", tooltip="sends a single command via TraCI, checks status response, returns additional responses. ", pos="1234,301", rects="1173,287,1296,315"];
	Node14 [label="veins::makeTraCICommand", height="0.22", width="2.03", color=black, fillcolor=white, style=filled, URL="$namespaceveins.html#af83b40d9114af922837b09398bc72005", tooltip="returns byte-buffer containing a TraCI command with optional parameters ", pos="1406,341", rects="1333,333,1480,349"];
	Node15 [label="veins::TraCIBuffer::str", height="0.22", width="1.61", color=black, fillcolor=white, style=filled, URL="$classveins_1_1_tra_c_i_buffer.html#a82188788949eca6bd7c48b1476f67b95", pos="1575,321", rects="1517,313,1634,329"];
	Node16 [label="veins::TraCIConnection\l::receiveMessage", height="0.39", width="1.69", color=black, fillcolor=white, style=filled, URL="$classveins_1_1_tra_c_i_connection.html#abec53685d1816f11e2ab2797bdc467fb", tooltip="receives a message via TraCI (and strips the header) ", pos="1406,255", rects="1345,241,1468,269"];
	Node17 [label="veins::socket", height="0.22", width="0.94", color=black, fillcolor=white, style=filled, URL="$namespaceveins.html#a3e04988b53f0d0109602feb7895b4302", pos="1575,281", rects="1541,273,1609,289"];
	Node18 [label="veins::TraCIConnection\l::sendMessage", height="0.39", width="1.69", color=black, fillcolor=white, style=filled, URL="$classveins_1_1_tra_c_i_connection.html#ae9525e27e903007d2fb3382e790a748a", tooltip="sends a message via TraCI (after adding the header) ", pos="1406,301", rects="1345,287,1468,315"];
	Node19 [label="veins::TraCICommandInterface\l::addPolygon", height="0.39", width="2.28", color=black, fillcolor=white, style=filled, URL="$classveins_1_1_tra_c_i_command_interface.html#a1d528260cf5344fffba0a59127881d1d", pos="1045,370", rects="963,356,1127,384"];
	Node20 [label="veins::TraCIBuffer::eof", height="0.22", width="1.67", color=black, fillcolor=white, style=filled, URL="$classveins_1_1_tra_c_i_buffer.html#a557599847e1cd7733e715752b35c0248", pos="1234,433", rects="1174,425,1295,441"];
	Node21 [label="veins::TraCIBuffer\l::writeByteOrFull", height="0.39", width="1.42", color=black, fillcolor=white, style=filled, URL="$classveins_1_1_tra_c_i_buffer.html#a249733b42f67d40a3c668089ec9fdfe8", tooltip="write only a Byte if value fits in a Byte. ", pos="1234,393", rects="1183,379,1285,407"];
	Node22 [label="veins::TraCIColor::\lfromTkColor", height="0.39", width="1.33", color=black, fillcolor=white, style=filled, URL="$classveins_1_1_tra_c_i_color.html#a298f34374f0c11021d65018040152c98", pos="1045,278", rects="997,264,1094,292"];
	Node23 [label="veins::TraCIColor::\lTraCIColor", height="0.39", width="1.33", color=black, fillcolor=white, style=filled, URL="$classveins_1_1_tra_c_i_color.html#aed4c0a7c62bb97cd300b23f3f932e6e7", pos="1234,255", rects="1186,241,1283,269"];
	Node24 [label="veins::TraCIScenarioManager\lAccess::get", height="0.39", width="2.11", color=black, fillcolor=white, style=filled, URL="$classveins_1_1_tra_c_i_scenario_manager_access.html#a327aea423a1acd13027a591fbae8b4c5", pos="1045,94", rects="969,80,1122,108"];
	Node25 [label="veins::FindModule::\lfindGlobalModule", height="0.39", width="1.42", color=black, fillcolor=white, style=filled, URL="$classveins_1_1_find_module.html#a5235f90b10b3a297c25baeaa8a4194cf", tooltip="Returns a pointer to the module with the type of this template. ", pos="1234,94", rects="1183,80,1285,108"];
	Node26 [label="veins::TraCIScenarioManager\l::getCommandInterface", height="0.39", width="2.11", color=black, fillcolor=white, style=filled, URL="$classveins_1_1_tra_c_i_scenario_manager.html#a43c534fb3c4b7fb62e0ce5187302311c", pos="1045,186", rects="969,172,1122,200"];
	Node27 [label="veins::TraCIScenarioManager\l::isConnected", height="0.39", width="2.11", color=black, fillcolor=white, style=filled, URL="$classveins_1_1_tra_c_i_scenario_manager.html#af75c851ce8b8b0b41002eb804c5e0dc5", pos="1045,232", rects="969,218,1122,246"];
	Node28 [label="veins::VehicleObstacleControl\l::drawVehicleObstacles", height="0.39", width="2.14", color=black, fillcolor=white, style=filled, URL="$classveins_1_1_vehicle_obstacle_control.html#a4195ba888ec7c4662bf813bde8e0fc45", pos="483,186", rects="406,172,560,200"];
	Node29 [label="veins::AnnotationManager\l::drawPolygon", height="0.39", width="1.92", color=black, fillcolor=white, style=filled, URL="$classveins_1_1_annotation_manager.html#a7623e3423953cbe2f3db0133967829b7", pos="669,188", rects="600,174,739,202"];
	Node30 [label="veins::AnnotationManager\l::eraseAll", height="0.39", width="1.92", color=black, fillcolor=white, style=filled, URL="$classveins_1_1_annotation_manager.html#af071307b3e3fad6ec12a193418a9f576", pos="483,140", rects="414,126,553,154"];
	Node31 [label="veins::AnnotationManager\l::erase", height="0.39", width="1.92", color=black, fillcolor=white, style=filled, URL="$classveins_1_1_annotation_manager.html#a990948888917eff8840f899714d4e754", pos="669,140", rects="600,126,739,154"];
	Node32 [label="veins::AnnotationManager\l::hide", height="0.39", width="1.92", color=black, fillcolor=white, style=filled, URL="$classveins_1_1_annotation_manager.html#ae7cd5fba58d72f4351963b9a6c95e669", pos="848,140", rects="779,126,918,154"];
	Node33 [label="veins::TraCICommandInterface::poi", height="0.22", width="2.53", color=black, fillcolor=white, style=filled, URL="$classveins_1_1_tra_c_i_command_interface.html#a7d00809be36c763a8bfb96a86e985315", pos="1045,54", rects="954,46,1136,62"];
	Node34 [label="veins::TraCICommandInterface\l::polygon", height="0.39", width="2.28", color=black, fillcolor=white, style=filled, URL="$classveins_1_1_tra_c_i_command_interface.html#af84efc08b64c51d7e6f8d9b2bc542781", pos="1045,14", rects="963,0,1127,28"];
	Node35 [label="veins::TraCICommandInterface\l::Poi::remove", height="0.39", width="2.28", color=black, fillcolor=white, style=filled, URL="$classveins_1_1_tra_c_i_command_interface_1_1_poi.html#a3fc376c9ae1099eb08232c7f576d861f", pos="1045,140", rects="963,126,1127,154"];
	Node36 [label="veins::Signal::getSending\lStart", height="0.39", width="1.72", color=black, fillcolor=white, style=filled, URL="$classveins_1_1_signal.html#ae7756606a92ceca2f2046c518f224337", tooltip="Timing. ", pos="483,94", rects="421,80,546,108"];
	Node37 [label="veins::Signal::getReceiverPoa", height="0.22", width="2.03", color=black, fillcolor=white, style=filled, URL="$classveins_1_1_signal.html#af77d907793446d9521f0424afd751a9c", tooltip="Get this signal&#39;s receiver POA. ", pos="293,231", rects="220,223,366,239"];
	Node38 [label="veins::Signal::getSenderPoa", height="0.22", width="1.89", color=black, fillcolor=white, style=filled, URL="$classveins_1_1_signal.html#a733943dcfe581527719363408b4af19a", tooltip="Get this signal&#39;s sender POA. ", pos="293,197", rects="225,189,362,205"];
	Node39 [label="veins::Signal::getSpectrum", height="0.22", width="1.83", color=black, fillcolor=white, style=filled, URL="$classveins_1_1_signal.html#a28faf6285303ba6bec080132f959ca6f", tooltip="Get the Spectrum this Signal is defined on. ", pos="669,364", rects="603,356,736,372"];
	Node40 [label="veins::VehicleObstacleControl\l::getVehicleAttenuationDZ", height="0.39", width="2.14", color=black, fillcolor=white, style=filled, URL="$classveins_1_1_vehicle_obstacle_control.html#adf2407d9dcb0830d99775342e3304f15", tooltip="compute attenuation due to vehicles. ", pos="293,396", rects="216,382,370,410"];
	Node41 [label="veins::VehicleObstacleControl\l::getVehicleAttenuationSingle", height="0.39", width="2.14", color=black, fillcolor=white, style=filled, URL="$classveins_1_1_vehicle_obstacle_control.html#aba9a4a4986cd0141c6bd5404069f9460", tooltip="compute attenuation due to (single) vehicle. ", pos="483,434", rects="406,420,560,448"];
	Node42 [label="veins::Spectrum::freqAt", height="0.22", width="1.69", color=black, fillcolor=white, style=filled, URL="$classveins_1_1_spectrum.html#af6b615b2fa018730c48f98b1a855ca64", pos="669,432", rects="608,424,730,440"];
	Node43 [label="veins::Signal::getNumValues", height="0.22", width="2.03", color=black, fillcolor=white, style=filled, URL="$classveins_1_1_signal.html#acdbd8efad115871fd4cb81128c9847c6", tooltip="Returns the number of power values stored in this signal. ", pos="669,398", rects="596,390,742,406"];
	Node44 [label="veins::BaseWorldUtility\l::speedOfLight", height="0.39", width="1.72", color=black, fillcolor=white, style=filled, URL="$classveins_1_1_base_world_utility.html#a425e4c8fac6fb8309ae2efd494a19fe6", tooltip="Speed of light in meters per second. ", pos="669,472", rects="607,458,731,486"];
	Node1 -> Node2 [color=midnightblue, style=solid, pos="e,629,515 168,327 172,329 176,331 180,335 212,361 185,392 216,419 333,516 527,521 618,516"];
	Node1 -> Node3 [color=midnightblue, style=solid, pos="e,423,312 180,313 249,312 347,312 412,312"];
	Node1 -> Node4 [color=midnightblue, style=solid, pos="e,216,285 180,299 193,295 198,291 206,288"];
	Node4 -> Node5 [color=midnightblue, style=solid, pos="e,428,272 370,271 386,271 403,272 418,272"];
	Node5 -> Node6 [color=midnightblue, style=solid, pos="e,600,297 538,276 546,277 553,278 560,280 575,283 579,288 590,294"];
	Node6 -> Node7 [color=midnightblue, style=solid, pos="e,786,316 738,316 751,316 763,316 776,316"];
	Node5 -> Node8 [color=midnightblue, style=solid, pos="e,618,271 538,271 560,271 586,271 608,271"];
	Node4 -> Node9 [color=midnightblue, style=solid, pos="e,413,244 370,257 386,253 390,250 403,247"];
	Node9 -> Node10 [color=midnightblue, style=solid, pos="e,778,232 553,232 614,232 703,232 767,232"];
	Node10 -> Node11 [color=midnightblue, style=solid, pos="e,963,315 918,246 945,265 928,291 954,310 954,310 954,310 954,310"];
	Node11 -> Node12 [color=midnightblue, style=solid, pos="e,1172,339 1127,334 1139,336 1151,337 1162,338"];
	Node11 -> Node13 [color=midnightblue, style=solid, pos="e,1172,309 1127,314 1139,312 1151,311 1162,310"];
	Node13 -> Node14 [color=midnightblue, style=solid, pos="e,1332,333 1296,315 1309,320 1313,324 1323,329"];
	Node14 -> Node15 [color=midnightblue, style=solid, pos="e,1516,329 1480,333 1489,332 1497,331 1506,330"];
	Node13 -> Node16 [color=midnightblue, style=solid, pos="e,1344,265 1296,287 1313,280 1316,274 1332,269 1333,269 1334,269 1335,268"];
	Node16 -> Node17 [color=midnightblue, style=solid, pos="e,1541,276 1468,265 1484,268 1501,270 1516,273 1521,274 1526,274 1531,275"];
	Node13 -> Node18 [color=midnightblue, style=solid, pos="e,1344,301 1296,301 1309,301 1322,301 1334,301"];
	Node18 -> Node17 [color=midnightblue, style=solid, pos="e,1541,285 1468,294 1490,291 1513,289 1532,286"];
	Node18 -> Node15 [color=midnightblue, style=solid, pos="e,1516,314 1468,308 1481,310 1494,311 1506,313"];
	Node10 -> Node19 [color=midnightblue, style=solid, pos="e,963,362 918,246 957,280 915,322 954,356 954,356 954,356 955,356"];
	Node19 -> Node20 [color=midnightblue, style=solid, pos="e,1173,426 1127,380 1130,381 1133,382 1136,384 1155,394 1152,408 1165,420"];
	Node19 -> Node12 [color=midnightblue, style=solid, pos="e,1172,355 1127,360 1139,358 1151,357 1162,356"];
	Node19 -> Node13 [color=midnightblue, style=solid, pos="e,1172,315 1127,360 1130,359 1133,358 1136,356 1155,346 1153,332 1165,321"];
	Node19 -> Node21 [color=midnightblue, style=solid, pos="e,1183,387 1127,380 1143,382 1159,384 1174,386"];
	Node10 -> Node22 [color=midnightblue, style=solid, pos="e,996,273 918,246 935,251 937,258 954,264 964,267 975,270 986,271"];
	Node22 -> Node23 [color=midnightblue, style=solid, pos="e,1185,261 1094,272 1119,268 1149,265 1176,262"];
	Node10 -> Node24 [color=midnightblue, style=solid, pos="e,968,99 918,218 957,183 915,142 954,108 956,106 957,105 959,104"];
	Node24 -> Node25 [color=midnightblue, style=solid, pos="e,1183,94 1122,94 1139,94 1157,94 1173,94"];
	Node10 -> Node26 [color=midnightblue, style=solid, pos="e,968,196 918,218 935,212 937,205 954,200 956,199 957,199 958,198"];
	Node10 -> Node27 [color=midnightblue, style=solid, pos="e,968,232 918,232 931,232 945,232 958,232"];
	Node4 -> Node28 [color=midnightblue, style=solid, pos="e,406,200 370,257 392,242 385,221 399,206"];
	Node28 -> Node29 [color=midnightblue, style=solid, pos="e,599,187 560,187 570,187 580,187 589,187"];
	Node29 -> Node10 [color=midnightblue, style=solid, pos="e,778,218 739,201 740,201 741,202 742,202 755,206 760,210 769,214"];
	Node4 -> Node30 [color=midnightblue, style=solid, pos="e,413,149 370,257 407,225 371,186 405,155"];
	Node30 -> Node31 [color=midnightblue, style=solid, pos="e,599,140 553,140 565,140 577,140 589,140"];
	Node31 -> Node32 [color=midnightblue, style=solid, pos="e,778,140 739,140 749,140 758,140 768,140"];
	Node32 -> Node24 [color=midnightblue, style=solid, pos="e,968,104 918,126 935,121 937,114 954,108 956,108 957,107 959,107"];
	Node32 -> Node26 [color=midnightblue, style=solid, pos="e,968,176 918,154 935,160 937,167 954,172 956,172 957,173 959,173"];
	Node32 -> Node27 [color=midnightblue, style=solid, pos="e,968,225 918,154 945,174 928,199 954,218 956,219 958,220 960,221"];
	Node32 -> Node33 [color=midnightblue, style=solid, pos="e,954,62 918,126 942,109 930,85 947,68"];
	Node32 -> Node34 [color=midnightblue, style=solid, pos="e,963,22 918,126 954,96 919,58 954,28 954,28 954,28 955,28"];
	Node32 -> Node35 [color=midnightblue, style=solid, pos="e,963,140 918,140 929,140 941,140 953,140"];
	Node35 -> Node13 [color=midnightblue, style=solid, pos="e,1172,287 1127,148 1130,149 1133,152 1136,154 1179,192 1134,238 1165,279"];
	Node4 -> Node3 [color=midnightblue, style=solid, pos="e,423,302 370,285 387,289 390,293 406,298 408,298 411,299 414,300"];
	Node4 -> Node36 [color=midnightblue, style=solid, pos="e,420,99 370,257 420,210 357,155 406,108 408,106 409,105 411,104"];
	Node1 -> Node37 [color=midnightblue, style=solid, pos="e,220,237 180,299 204,282 192,259 211,243"];
	Node1 -> Node38 [color=midnightblue, style=solid, pos="e,224,200 180,299 215,270 182,233 215,206"];
	Node1 -> Node39 [color=midnightblue, style=solid, pos="e,602,359 180,322 192,323 204,325 216,326 349,339 503,351 593,358"];
	Node1 -> Node40 [color=midnightblue, style=solid, pos="e,216,382 180,327 202,340 195,360 209,376"];
	Node40 -> Node39 [color=midnightblue, style=solid, pos="e,602,370 370,389 435,383 528,376 592,371"];
	Node40 -> Node41 [color=midnightblue, style=solid, pos="e,406,420 370,410 383,412 388,415 396,417"];
	Node41 -> Node2 [color=midnightblue, style=solid, pos="e,629,514 560,448 585,464 571,488 596,504 603,508 611,511 619,513"];
	Node41 -> Node42 [color=midnightblue, style=solid, pos="e,608,433 560,433 573,433 586,433 598,433"];
	Node41 -> Node43 [color=midnightblue, style=solid, pos="e,596,406 560,420 573,416 578,412 586,409"];
	Node41 -> Node39 [color=midnightblue, style=solid, pos="e,602,369 560,420 582,406 574,387 593,374"];
	Node41 -> Node44 [color=midnightblue, style=solid, pos="e,607,460 560,448 577,451 580,454 596,458 596,458 597,458 597,458"];
}
