digraph "veins::BaseModule" {
	graph [rankdir=LR];
	node [label="\N", fontname=Helvetica, fontsize=10, shape=record];
	edge [fontname=Helvetica, fontsize=10, labelfontname=Helvetica, labelfontsize=10];
	graph [bb="0,0,1034,186"];
	Node1 [label="veins::BaseModule", height="0.22", width="1.36", color=black, fillcolor=grey75, style=filled, fontcolor=black, pos="180,76", rects="131,68,230,84"];
	Node2 [label=cSimpleModule, height="0.22", width="1.19", color=grey75, fillcolor=white, style=filled, pos="51,93", rects="8,85,94,101"];
	Node3 [label=cListener, height="0.22", width="0.75", color=grey75, fillcolor=white, style=filled, pos="51,59", rects="24,51,78,67"];
	Node4 [label="veins::BaseBattery", height="0.22", width="1.36", color=black, fillcolor=white, style=filled, URL="$classveins_1_1_base_battery.html", tooltip="Base class for any power source. ", pos="320,93", rects="271,85,369,101"];
	Node5 [label="veins::BatteryAccess", height="0.22", width="1.47", color=black, fillcolor=white, style=filled, URL="$classveins_1_1_battery_access.html", tooltip="Extends BaseModule by several methods which provide access to the battery module. ...", pos="320,59", rects="267,51,374,67"];
	Node6 [label="veins::BaseLayer", height="0.22", width="1.25", color=black, fillcolor=white, style=filled, URL="$classveins_1_1_base_layer.html", tooltip="A very simple layer template. ", pos="466,110", rects="421,102,511,118"];
	Node7 [label="veins::BaseApplLayer", height="0.22", width="1.58", color=black, fillcolor=white, style=filled, URL="$classveins_1_1_base_appl_layer.html", tooltip="Base class for the application layer. ", pos="616,144", rects="559,136,674,152"];
	Node8 [label="veins::DemoBaseApplLayer", height="0.22", width="2.00", color=black, fillcolor=white, style=filled, URL="$classveins_1_1_demo_base_appl_layer.html", tooltip="Demo application layer base class. ", pos="783,144", rects="711,136,856,152"];
	Node9 [label="veins::MyVeinsApp", height="0.22", width="1.47", color=black, fillcolor=white, style=filled, URL="$classveins_1_1_my_veins_app.html", tooltip="This is a stub for a typical Veins application layer. ", pos="959,178", rects="906,170,1012,186"];
	Node10 [label="veins::TraCIDemo11p", height="0.22", width="1.53", color=black, fillcolor=white, style=filled, URL="$classveins_1_1_tra_c_i_demo11p.html", tooltip="A tutorial demo for TraCI. ", pos="959,144", rects="904,136,1014,152"];
	Node11 [label="veins::TraCIDemoRSU11p", height="0.22", width="1.86", color=black, fillcolor=white, style=filled, URL="$classveins_1_1_tra_c_i_demo_r_s_u11p.html", tooltip="Small RSU Demo using 11p. ", pos="959,110", rects="892,102,1026,118"];
	Node12 [label="veins::BaseMacLayer", height="0.22", width="1.56", color=black, fillcolor=white, style=filled, URL="$classveins_1_1_base_mac_layer.html", tooltip="A very simple MAC module template which provides de- and encapsulation of messages using the standard...", pos="616,110", rects="560,102,672,118"];
	Node13 [label="veins::Mac1609_4", height="0.22", width="1.28", color=black, fillcolor=white, style=filled, URL="$classveins_1_1_mac1609__4.html", pos="783,110", rects="737,102,830,118"];
	Node14 [label="veins::BaseMobility", height="0.22", width="1.42", color=black, fillcolor=white, style=filled, URL="$classveins_1_1_base_mobility.html", tooltip="Base module for all mobility modules. ", pos="466,59", rects="415,51,518,67"];
	Node15 [label="veins::LinearMobility", height="0.22", width="1.56", color=black, fillcolor=white, style=filled, URL="$classveins_1_1_linear_mobility.html", tooltip="Linear movement model. ", pos="616,76", rects="560,68,673,84"];
	Node16 [label="veins::TraCIMobility", height="0.22", width="1.50", color=black, fillcolor=white, style=filled, URL="$classveins_1_1_tra_c_i_mobility.html", tooltip="Used in modules created by the TraCIScenarioManager. ", pos="616,42", rects="562,34,671,50"];
	Node17 [label="veins::ChannelAccess", height="0.22", width="1.56", color=black, fillcolor=white, style=filled, URL="$classveins_1_1_channel_access.html", tooltip="Basic class for all physical layers, please don&#39;t touch!! ", pos="466,25", rects="410,17,522,33"];
	Node18 [label="veins::BasePhyLayer", height="0.22", width="1.53", color=black, fillcolor=white, style=filled, URL="$classveins_1_1_base_phy_layer.html", tooltip="The BasePhyLayer represents the physical layer of a nic. ", pos="616,8", rects="561,0,671,16"];
	Node19 [label="veins::PhyLayer80211p", height="0.22", width="1.61", color=black, fillcolor=white, style=filled, URL="$classveins_1_1_phy_layer80211p.html", tooltip="Adaptation of the PhyLayer class for 802.11p. ", pos="783,8", rects="725,0,842,16"];
	Node2 -> Node1 [dir=back, color=midnightblue, style=solid, pos="s,94,87 103,86 112,84 121,84 130,82"];
	Node3 -> Node1 [dir=back, color=midnightblue, style=solid, pos="s,78,63 86,64 100,66 116,68 130,70"];
	Node1 -> Node4 [dir=back, color=midnightblue, style=solid, pos="s,230,82 239,83 249,84 261,85 271,87"];
	Node1 -> Node5 [dir=back, color=midnightblue, style=solid, pos="s,230,70 239,69 248,68 257,67 266,66"];
	Node5 -> Node6 [dir=back, color=midnightblue, style=solid, pos="s,374,67 382,72 394,81 393,94 410,102 413,104 417,105 421,106"];
	Node6 -> Node7 [dir=back, color=midnightblue, style=solid, pos="s,511,115 520,117 521,118 521,118 522,118 540,123 541,130 558,136"];
	Node7 -> Node8 [dir=back, color=midnightblue, style=solid, pos="s,674,144 684,144 693,144 701,144 710,144"];
	Node8 -> Node9 [dir=back, color=midnightblue, style=solid, pos="s,856,152 864,155 875,160 878,165 892,170 896,171 901,172 906,173"];
	Node8 -> Node10 [dir=back, color=midnightblue, style=solid, pos="s,856,144 865,144 878,144 892,144 904,144"];
	Node8 -> Node11 [dir=back, color=midnightblue, style=solid, pos="s,856,136 864,133 875,127 878,122 892,118"];
	Node6 -> Node12 [dir=back, color=midnightblue, style=solid, pos="s,511,110 521,110 533,110 547,110 560,110"];
	Node12 -> Node13 [dir=back, color=midnightblue, style=solid, pos="s,672,110 681,110 700,110 720,110 736,110"];
	Node5 -> Node14 [dir=back, color=midnightblue, style=solid, pos="s,374,59 384,59 394,59 404,59 414,59"];
	Node14 -> Node15 [dir=back, color=midnightblue, style=solid, pos="s,518,65 527,66 537,67 549,68 559,70"];
	Node14 -> Node16 [dir=back, color=midnightblue, style=solid, pos="s,518,53 527,52 538,51 550,50 561,48"];
	Node5 -> Node17 [dir=back, color=midnightblue, style=solid, pos="s,374,51 382,48 393,43 396,38 410,33"];
	Node17 -> Node18 [dir=back, color=midnightblue, style=solid, pos="s,522,19 532,18 542,17 551,15 561,14"];
	Node18 -> Node19 [dir=back, color=midnightblue, style=solid, pos="s,671,8 681,8 695,8 710,8 724,8"];
}
