digraph "veins::Move::setSpeed" {
	graph [rankdir=LR];
	node [label="\N", fontname=Helvetica, fontsize=10, shape=record];
	edge [fontname=Helvetica, fontsize=10, labelfontname=Helvetica, labelfontsize=10];
	graph [bb="0,0,428,242"];
	Node1 [label="veins::Move::setSpeed", height="0.22", width="1.53", color=black, fillcolor=grey75, style=filled, fontcolor=black, pos="64,123", rects="9,115,120,131"];
	Node2 [label="veins::TraCIMobility\l::changePosition", height="0.39", width="1.50", color=black, fillcolor=white, style=filled, URL="$classveins_1_1_tra_c_i_mobility.html#a3137899bb330551c9823c40b4ed8b8fc", pos="213,228", rects="159,214,268,242"];
	Node3 [label="veins::TraCIMobility\l::nextPosition", height="0.39", width="1.50", color=black, fillcolor=white, style=filled, URL="$classveins_1_1_tra_c_i_mobility.html#ae53642be0d88b9f146cf55a5d990f1a2", pos="363,228", rects="309,214,418,242"];
	Node4 [label="veins::LinearMobility\l::initialize", height="0.39", width="1.56", color=black, fillcolor=white, style=filled, URL="$classveins_1_1_linear_mobility.html#ac94ebc62ac059949810368634398004b", tooltip="Initializes mobility model parameters. ", pos="363,174", rects="307,160,420,188"];
	Node5 [label="veins::TraCIMobility\l::initialize", height="0.39", width="1.50", color=black, fillcolor=white, style=filled, URL="$classveins_1_1_tra_c_i_mobility.html#a9945ece48d11a01a7973f991b467e848", pos="363,111", rects="309,97,418,125"];
	Node6 [label="veins::BaseMobility\l::initialize", height="0.39", width="1.42", color=black, fillcolor=white, style=filled, URL="$classveins_1_1_base_mobility.html#ac865e9d430a27e6a3076c0d9293fef35", tooltip="Initializes mobility model parameters. ", pos="213,144", rects="162,130,265,158"];
	Node7 [label="veins::LinearMobility\l::makeMove", height="0.39", width="1.56", color=black, fillcolor=white, style=filled, URL="$classveins_1_1_linear_mobility.html#af310806b2b41572de1428e56474bba56", tooltip="Move the host. ", pos="213,60", rects="157,46,270,74"];
	Node8 [label="veins::TraCIMobility\l::preInitialize", height="0.39", width="1.50", color=black, fillcolor=white, style=filled, URL="$classveins_1_1_tra_c_i_mobility.html#a678634249e120d1e2614a628d20006f6", pos="213,14", rects="159,0,268,28"];
	Node1 -> Node2 [dir=back, color=midnightblue, style=solid, pos="s,120,131 127,138 148,161 129,190 156,214 157,215 158,215 158,216"];
	Node2 -> Node3 [dir=back, color=midnightblue, style=solid, pos="s,268,228 278,228 288,228 298,228 308,228"];
	Node1 -> Node4 [dir=back, color=midnightblue, style=solid, pos="s,94,131 102,133 111,136 118,138 120,139 124,140 125,140 128,142 132,144 133,145 136,148 146,155 145,162 156,167 204,187 263,186\
 306,182"];
	Node1 -> Node5 [dir=back, color=midnightblue, style=solid, pos="s,120,121 129,121 183,119 258,115 308,113"];
	Node1 -> Node6 [dir=back, color=midnightblue, style=solid, pos="s,120,131 129,132 139,134 151,135 161,137"];
	Node6 -> Node4 [dir=back, color=midnightblue, style=solid, pos="s,265,154 274,156 284,158 296,161 306,163"];
	Node6 -> Node5 [dir=back, color=midnightblue, style=solid, pos="s,265,133 274,131 285,128 297,125 308,123"];
	Node1 -> Node7 [dir=back, color=midnightblue, style=solid, pos="s,120,115 128,110 141,98 139,84 156,74"];
	Node1 -> Node8 [dir=back, color=midnightblue, style=solid, pos="s,120,115 126,109 150,84 127,53 156,28 157,27 158,27 158,26"];
}
