digraph "veins::Mac1609_4::getMACAddress" {
	graph [rankdir=LR];
	node [label="\N", fontname=Helvetica, fontsize=10, shape=record];
	edge [fontname=Helvetica, fontsize=10, labelfontname=Helvetica, labelfontsize=10];
	graph [bb="0,0,516,66"];
	Node1 [label="veins::Mac1609_4::getMACAddress", height="0.22", width="2.47", color=black, fillcolor=grey75, style=filled, fontcolor=black, pos="98,31", rects="9,23,188,39"];
	Node2 [label="veins::BaseMacLayer\l::getMACAddress", height="0.39", width="1.56", color=black, fillcolor=white, style=filled, URL="$classveins_1_1_base_mac_layer.html#a51fdaa37f4bb9ace9760e8cad99d6c77", tooltip="Returns the MAC address of this MAC module. ", pos="280,52", rects="224,38,336,66"];
	Node3 [label="veins::LAddress::L2NULL", height="0.22", width="1.89", color=black, fillcolor=white, style=filled, URL="$classveins_1_1_l_address.html#aa4c72481eb930988da1272c5867ff401", tooltip="NULL address for L2 addresses. ", pos="440,31", rects="372,23,508,39"];
	Node1 -> Node2 [color=midnightblue, style=solid, pos="e,224,43 188,39 197,40 205,41 214,42"];
	Node2 -> Node3 [color=midnightblue, style=solid, pos="e,372,39 336,44 345,43 354,41 363,40"];
	Node1 -> Node3 [color=midnightblue, style=solid, pos="e,372,29 188,29 200,29 212,29 224,29 274,28 287,28 336,29 345,29 353,29 362,29"];
}
